13:05:32 **** Auto Build of configuration Debug for project ebaz ****
make pre-build main-build 
a9-linaro-pre-build-step
' '
'Building file: ../src/main.c'
'Invoking: ARM v7 gcc compiler'
arm-none-eabi-gcc -Wall -O0 -g3 -c -fmessage-length=0 -MT"src/main.o" -mcpu=cortex-a9 -mfpu=vfpv3 -mfloat-abi=hard -I../../ebaz_bsp/ps7_cortexa9_0/include -MMD -MP -MF"src/main.d" -MT"src/main.o" -o "src/main.o" "../src/main.c"
'Finished building: ../src/main.c'
' '
'Building target: ebaz.elf'
'Invoking: ARM v7 gcc linker'
arm-none-eabi-gcc -mcpu=cortex-a9 -mfpu=vfpv3 -mfloat-abi=hard -Wl,-build-id=none -specs=Xilinx.spec -Wl,-T -Wl,../src/lscript.ld -L../../ebaz_bsp/ps7_cortexa9_0/lib -o "ebaz.elf"  ./src/dht11.o ./src/led.o ./src/ledfont.o ./src/main.o ./src/max30102.o   -Wl,--start-group,-lxil,-lgcc,-lc,--end-group
'Finished building target: ebaz.elf'
' '
'Invoking: ARM v7 Print Size'
arm-none-eabi-size ebaz.elf  |tee "ebaz.elf.size"
   text	   data	    bss	    dec	    hex	filename
  71104	   1192	  22760	  95056	  17350	ebaz.elf
'Finished building: ebaz.elf.size'
' '

13:05:34 Build Finished (took 2s.712ms)

