21:58:51 **** Build of project ebaz_bsp ****
make -k all 
"Running Make include in ps7_cortexa9_0/libsrc/coresightps_dcc_v1_4/src"
make -C ps7_cortexa9_0/libsrc/coresightps_dcc_v1_4/src -s include  "SHELL=CMD" "COMPILER=arm-none-eabi-gcc" "ARCHIVER=arm-none-eabi-ar" "COMPILER_FLAGS=  -O2 -c" "EXTRA_COMPILER_FLAGS=-mcpu=cortex-a9 -mfpu=vfpv3 -mfloat-abi=hard -nostartfiles -g -Wall -Wextra"
"Running Make include in ps7_cortexa9_0/libsrc/cpu_cortexa9_v2_7/src"
make -C ps7_cortexa9_0/libsrc/cpu_cortexa9_v2_7/src -s include  "SHELL=CMD" "COMPILER=arm-none-eabi-gcc" "ARCHIVER=arm-none-eabi-ar" "COMPILER_FLAGS=  -O2 -c" "EXTRA_COMPILER_FLAGS=-mcpu=cortex-a9 -mfpu=vfpv3 -mfloat-abi=hard -nostartfiles -g -Wall -Wextra"
"Running Make include in ps7_cortexa9_0/libsrc/ddrps_v1_0/src"
make -C ps7_cortexa9_0/libsrc/ddrps_v1_0/src -s include  "SHELL=CMD" "COMPILER=arm-none-eabi-gcc" "ARCHIVER=arm-none-eabi-ar" "COMPILER_FLAGS=  -O2 -c" "EXTRA_COMPILER_FLAGS=-mcpu=cortex-a9 -mfpu=vfpv3 -mfloat-abi=hard -nostartfiles -g -Wall -Wextra"
"Running Make include in ps7_cortexa9_0/libsrc/devcfg_v3_5/src"
make -C ps7_cortexa9_0/libsrc/devcfg_v3_5/src -s include  "SHELL=CMD" "COMPILER=arm-none-eabi-gcc" "ARCHIVER=arm-none-eabi-ar" "COMPILER_FLAGS=  -O2 -c" "EXTRA_COMPILER_FLAGS=-mcpu=cortex-a9 -mfpu=vfpv3 -mfloat-abi=hard -nostartfiles -g -Wall -Wextra"
"Running Make include in ps7_cortexa9_0/libsrc/dmaps_v2_4/src"
make -C ps7_cortexa9_0/libsrc/dmaps_v2_4/src -s include  "SHELL=CMD" "COMPILER=arm-none-eabi-gcc" "ARCHIVER=arm-none-eabi-ar" "COMPILER_FLAGS=  -O2 -c" "EXTRA_COMPILER_FLAGS=-mcpu=cortex-a9 -mfpu=vfpv3 -mfloat-abi=hard -nostartfiles -g -Wall -Wextra"
"Running Make include in ps7_cortexa9_0/libsrc/gpiops_v3_4/src"
make -C ps7_cortexa9_0/libsrc/gpiops_v3_4/src -s include  "SHELL=CMD" "COMPILER=arm-none-eabi-gcc" "ARCHIVER=arm-none-eabi-ar" "COMPILER_FLAGS=  -O2 -c" "EXTRA_COMPILER_FLAGS=-mcpu=cortex-a9 -mfpu=vfpv3 -mfloat-abi=hard -nostartfiles -g -Wall -Wextra"
"Running Make include in ps7_cortexa9_0/libsrc/gpio_v4_3/src"
make -C ps7_cortexa9_0/libsrc/gpio_v4_3/src -s include  "SHELL=CMD" "COMPILER=arm-none-eabi-gcc" "ARCHIVER=arm-none-eabi-ar" "COMPILER_FLAGS=  -O2 -c" "EXTRA_COMPILER_FLAGS=-mcpu=cortex-a9 -mfpu=vfpv3 -mfloat-abi=hard -nostartfiles -g -Wall -Wextra"
"Running Make include in ps7_cortexa9_0/libsrc/iicps_v3_8/src"
make -C ps7_cortexa9_0/libsrc/iicps_v3_8/src -s include  "SHELL=CMD" "COMPILER=arm-none-eabi-gcc" "ARCHIVER=arm-none-eabi-ar" "COMPILER_FLAGS=  -O2 -c" "EXTRA_COMPILER_FLAGS=-mcpu=cortex-a9 -mfpu=vfpv3 -mfloat-abi=hard -nostartfiles -g -Wall -Wextra"
"Running Make include in ps7_cortexa9_0/libsrc/scugic_v3_10/src"
make -C ps7_cortexa9_0/libsrc/scugic_v3_10/src -s include  "SHELL=CMD" "COMPILER=arm-none-eabi-gcc" "ARCHIVER=arm-none-eabi-ar" "COMPILER_FLAGS=  -O2 -c" "EXTRA_COMPILER_FLAGS=-mcpu=cortex-a9 -mfpu=vfpv3 -mfloat-abi=hard -nostartfiles -g -Wall -Wextra"
"Running Make include in ps7_cortexa9_0/libsrc/scutimer_v2_1/src"
make -C ps7_cortexa9_0/libsrc/scutimer_v2_1/src -s include  "SHELL=CMD" "COMPILER=arm-none-eabi-gcc" "ARCHIVER=arm-none-eabi-ar" "COMPILER_FLAGS=  -O2 -c" "EXTRA_COMPILER_FLAGS=-mcpu=cortex-a9 -mfpu=vfpv3 -mfloat-abi=hard -nostartfiles -g -Wall -Wextra"
"Running Make include in ps7_cortexa9_0/libsrc/scuwdt_v2_1/src"
make -C ps7_cortexa9_0/libsrc/scuwdt_v2_1/src -s include  "SHELL=CMD" "COMPILER=arm-none-eabi-gcc" "ARCHIVER=arm-none-eabi-ar" "COMPILER_FLAGS=  -O2 -c" "EXTRA_COMPILER_FLAGS=-mcpu=cortex-a9 -mfpu=vfpv3 -mfloat-abi=hard -nostartfiles -g -Wall -Wextra"
"Running Make include in ps7_cortexa9_0/libsrc/spips_v3_1/src"
make -C ps7_cortexa9_0/libsrc/spips_v3_1/src -s include  "SHELL=CMD" "COMPILER=arm-none-eabi-gcc" "ARCHIVER=arm-none-eabi-ar" "COMPILER_FLAGS=  -O2 -c" "EXTRA_COMPILER_FLAGS=-mcpu=cortex-a9 -mfpu=vfpv3 -mfloat-abi=hard -nostartfiles -g -Wall -Wextra"
"Running Make include in ps7_cortexa9_0/libsrc/standalone_v6_8/src"
make -C ps7_cortexa9_0/libsrc/standalone_v6_8/src -s include  "SHELL=CMD" "COMPILER=arm-none-eabi-gcc" "ARCHIVER=arm-none-eabi-ar" "COMPILER_FLAGS=  -O2 -c" "EXTRA_COMPILER_FLAGS=-mcpu=cortex-a9 -mfpu=vfpv3 -mfloat-abi=hard -nostartfiles -g -Wall -Wextra"
"Running Make include in ps7_cortexa9_0/libsrc/uartps_v3_7/src"
make -C ps7_cortexa9_0/libsrc/uartps_v3_7/src -s include  "SHELL=CMD" "COMPILER=arm-none-eabi-gcc" "ARCHIVER=arm-none-eabi-ar" "COMPILER_FLAGS=  -O2 -c" "EXTRA_COMPILER_FLAGS=-mcpu=cortex-a9 -mfpu=vfpv3 -mfloat-abi=hard -nostartfiles -g -Wall -Wextra"
"Running Make include in ps7_cortexa9_0/libsrc/xadcps_v2_3/src"
make -C ps7_cortexa9_0/libsrc/xadcps_v2_3/src -s include  "SHELL=CMD" "COMPILER=arm-none-eabi-gcc" "ARCHIVER=arm-none-eabi-ar" "COMPILER_FLAGS=  -O2 -c" "EXTRA_COMPILER_FLAGS=-mcpu=cortex-a9 -mfpu=vfpv3 -mfloat-abi=hard -nostartfiles -g -Wall -Wextra"
"Running Make libs in ps7_cortexa9_0/libsrc/coresightps_dcc_v1_4/src"
make -C ps7_cortexa9_0/libsrc/coresightps_dcc_v1_4/src -s libs  "SHELL=CMD" "COMPILER=arm-none-eabi-gcc" "ARCHIVER=arm-none-eabi-ar" "COMPILER_FLAGS=  -O2 -c" "EXTRA_COMPILER_FLAGS=-mcpu=cortex-a9 -mfpu=vfpv3 -mfloat-abi=hard -nostartfiles -g -Wall -Wextra"
"Compiling coresightps_dcc"
arm-none-eabi-ar: creating ../../../lib/libxil.a
"Running Make libs in ps7_cortexa9_0/libsrc/cpu_cortexa9_v2_7/src"
make -C ps7_cortexa9_0/libsrc/cpu_cortexa9_v2_7/src -s libs  "SHELL=CMD" "COMPILER=arm-none-eabi-gcc" "ARCHIVER=arm-none-eabi-ar" "COMPILER_FLAGS=  -O2 -c" "EXTRA_COMPILER_FLAGS=-mcpu=cortex-a9 -mfpu=vfpv3 -mfloat-abi=hard -nostartfiles -g -Wall -Wextra"
"Compiling cpu_cortexa9"
"Running Make libs in ps7_cortexa9_0/libsrc/ddrps_v1_0/src"
make -C ps7_cortexa9_0/libsrc/ddrps_v1_0/src -s libs  "SHELL=CMD" "COMPILER=arm-none-eabi-gcc" "ARCHIVER=arm-none-eabi-ar" "COMPILER_FLAGS=  -O2 -c" "EXTRA_COMPILER_FLAGS=-mcpu=cortex-a9 -mfpu=vfpv3 -mfloat-abi=hard -nostartfiles -g -Wall -Wextra"
"Compiling ddrps"
"Running Make libs in ps7_cortexa9_0/libsrc/devcfg_v3_5/src"
make -C ps7_cortexa9_0/libsrc/devcfg_v3_5/src -s libs  "SHELL=CMD" "COMPILER=arm-none-eabi-gcc" "ARCHIVER=arm-none-eabi-ar" "COMPILER_FLAGS=  -O2 -c" "EXTRA_COMPILER_FLAGS=-mcpu=cortex-a9 -mfpu=vfpv3 -mfloat-abi=hard -nostartfiles -g -Wall -Wextra"
"Compiling devcfg"
"Running Make libs in ps7_cortexa9_0/libsrc/dmaps_v2_4/src"
make -C ps7_cortexa9_0/libsrc/dmaps_v2_4/src -s libs  "SHELL=CMD" "COMPILER=arm-none-eabi-gcc" "ARCHIVER=arm-none-eabi-ar" "COMPILER_FLAGS=  -O2 -c" "EXTRA_COMPILER_FLAGS=-mcpu=cortex-a9 -mfpu=vfpv3 -mfloat-abi=hard -nostartfiles -g -Wall -Wextra"
"Compiling dmaps"
"Running Make libs in ps7_cortexa9_0/libsrc/gpiops_v3_4/src"
make -C ps7_cortexa9_0/libsrc/gpiops_v3_4/src -s libs  "SHELL=CMD" "COMPILER=arm-none-eabi-gcc" "ARCHIVER=arm-none-eabi-ar" "COMPILER_FLAGS=  -O2 -c" "EXTRA_COMPILER_FLAGS=-mcpu=cortex-a9 -mfpu=vfpv3 -mfloat-abi=hard -nostartfiles -g -Wall -Wextra"
"Compiling gpiops"
"Running Make libs in ps7_cortexa9_0/libsrc/gpio_v4_3/src"
make -C ps7_cortexa9_0/libsrc/gpio_v4_3/src -s libs  "SHELL=CMD" "COMPILER=arm-none-eabi-gcc" "ARCHIVER=arm-none-eabi-ar" "COMPILER_FLAGS=  -O2 -c" "EXTRA_COMPILER_FLAGS=-mcpu=cortex-a9 -mfpu=vfpv3 -mfloat-abi=hard -nostartfiles -g -Wall -Wextra"
"Compiling gpio"
"Running Make libs in ps7_cortexa9_0/libsrc/iicps_v3_8/src"
make -C ps7_cortexa9_0/libsrc/iicps_v3_8/src -s libs  "SHELL=CMD" "COMPILER=arm-none-eabi-gcc" "ARCHIVER=arm-none-eabi-ar" "COMPILER_FLAGS=  -O2 -c" "EXTRA_COMPILER_FLAGS=-mcpu=cortex-a9 -mfpu=vfpv3 -mfloat-abi=hard -nostartfiles -g -Wall -Wextra"
"Compiling iicps"
"Running Make libs in ps7_cortexa9_0/libsrc/scugic_v3_10/src"
make -C ps7_cortexa9_0/libsrc/scugic_v3_10/src -s libs  "SHELL=CMD" "COMPILER=arm-none-eabi-gcc" "ARCHIVER=arm-none-eabi-ar" "COMPILER_FLAGS=  -O2 -c" "EXTRA_COMPILER_FLAGS=-mcpu=cortex-a9 -mfpu=vfpv3 -mfloat-abi=hard -nostartfiles -g -Wall -Wextra"
"Compiling scugic"
"Running Make libs in ps7_cortexa9_0/libsrc/scutimer_v2_1/src"
make -C ps7_cortexa9_0/libsrc/scutimer_v2_1/src -s libs  "SHELL=CMD" "COMPILER=arm-none-eabi-gcc" "ARCHIVER=arm-none-eabi-ar" "COMPILER_FLAGS=  -O2 -c" "EXTRA_COMPILER_FLAGS=-mcpu=cortex-a9 -mfpu=vfpv3 -mfloat-abi=hard -nostartfiles -g -Wall -Wextra"
"Compiling scutimer"
"Running Make libs in ps7_cortexa9_0/libsrc/scuwdt_v2_1/src"
make -C ps7_cortexa9_0/libsrc/scuwdt_v2_1/src -s libs  "SHELL=CMD" "COMPILER=arm-none-eabi-gcc" "ARCHIVER=arm-none-eabi-ar" "COMPILER_FLAGS=  -O2 -c" "EXTRA_COMPILER_FLAGS=-mcpu=cortex-a9 -mfpu=vfpv3 -mfloat-abi=hard -nostartfiles -g -Wall -Wextra"
"Compiling scuwdt"
"Running Make libs in ps7_cortexa9_0/libsrc/spips_v3_1/src"
make -C ps7_cortexa9_0/libsrc/spips_v3_1/src -s libs  "SHELL=CMD" "COMPILER=arm-none-eabi-gcc" "ARCHIVER=arm-none-eabi-ar" "COMPILER_FLAGS=  -O2 -c" "EXTRA_COMPILER_FLAGS=-mcpu=cortex-a9 -mfpu=vfpv3 -mfloat-abi=hard -nostartfiles -g -Wall -Wextra"
"Compiling spips"
"Running Make libs in ps7_cortexa9_0/libsrc/standalone_v6_8/src"
make -C ps7_cortexa9_0/libsrc/standalone_v6_8/src -s libs  "SHELL=CMD" "COMPILER=arm-none-eabi-gcc" "ARCHIVER=arm-none-eabi-ar" "COMPILER_FLAGS=  -O2 -c" "EXTRA_COMPILER_FLAGS=-mcpu=cortex-a9 -mfpu=vfpv3 -mfloat-abi=hard -nostartfiles -g -Wall -Wextra"
"Compiling standalone"
In file included from usleep.c:56:0:
xtime_l.h:87:9: note: #pragma message: For the sleep routines, Global timer is being used
 #pragma message ("For the sleep routines, Global timer is being used")
         ^~~~~~~
In file included from xil_sleeptimer.c:51:0:
xtime_l.h:87:9: note: #pragma message: For the sleep routines, Global timer is being used
 #pragma message ("For the sleep routines, Global timer is being used")
         ^~~~~~~
In file included from xtime_l.c:49:0:
xtime_l.h:87:9: note: #pragma message: For the sleep routines, Global timer is being used
 #pragma message ("For the sleep routines, Global timer is being used")
         ^~~~~~~
In file included from sleep.c:53:0:
xtime_l.h:87:9: note: #pragma message: For the sleep routines, Global timer is being used
 #pragma message ("For the sleep routines, Global timer is being used")
         ^~~~~~~
"Running Make libs in ps7_cortexa9_0/libsrc/uartps_v3_7/src"
make -C ps7_cortexa9_0/libsrc/uartps_v3_7/src -s libs  "SHELL=CMD" "COMPILER=arm-none-eabi-gcc" "ARCHIVER=arm-none-eabi-ar" "COMPILER_FLAGS=  -O2 -c" "EXTRA_COMPILER_FLAGS=-mcpu=cortex-a9 -mfpu=vfpv3 -mfloat-abi=hard -nostartfiles -g -Wall -Wextra"
"Compiling uartps"
"Running Make libs in ps7_cortexa9_0/libsrc/xadcps_v2_3/src"
make -C ps7_cortexa9_0/libsrc/xadcps_v2_3/src -s libs  "SHELL=CMD" "COMPILER=arm-none-eabi-gcc" "ARCHIVER=arm-none-eabi-ar" "COMPILER_FLAGS=  -O2 -c" "EXTRA_COMPILER_FLAGS=-mcpu=cortex-a9 -mfpu=vfpv3 -mfloat-abi=hard -nostartfiles -g -Wall -Wextra"
"Compiling xadcps"
'Finished building libraries'
21:59:37 **** Build of configuration Debug for project ebaz ****
make pre-build main-build 
a9-linaro-pre-build-step
' '
'Building file: ../src/led.c'
'Invoking: ARM v7 gcc compiler'
arm-none-eabi-gcc -Wall -O0 -g3 -c -fmessage-length=0 -MT"src/led.o" -mcpu=cortex-a9 -mfpu=vfpv3 -mfloat-abi=hard -I../../ebaz_bsp/ps7_cortexa9_0/include -MMD -MP -MF"src/led.d" -MT"src/led.o" -o "src/led.o" "../src/led.c"
../src/led.c: In function 'Lcd_Init':
../src/led.c:45:2: warning: implicit declaration of function 'usleep' [-Wimplicit-function-declaration]
  usleep(20000);
  ^~~~~~
../src/led.c:108:2: warning: implicit declaration of function 'LCD_Fill' [-Wimplicit-function-declaration]
  LCD_Fill(0,0,240,240,BLACK);
  ^~~~~~~~
../src/led.c: At top level:
../src/led.c:315:6: warning: conflicting types for 'LCD_Fill'
 void LCD_Fill(u16 xsta,u16 ysta,u16 xend,u16 yend,u16 color)
      ^~~~~~~~
../src/led.c:108:2: note: previous implicit declaration of 'LCD_Fill' was here
  LCD_Fill(0,0,240,240,BLACK);
  ^~~~~~~~
'Finished building: ../src/led.c'
' '
'Building file: ../src/ledfont.c'
'Invoking: ARM v7 gcc compiler'
arm-none-eabi-gcc -Wall -O0 -g3 -c -fmessage-length=0 -MT"src/ledfont.o" -mcpu=cortex-a9 -mfpu=vfpv3 -mfloat-abi=hard -I../../ebaz_bsp/ps7_cortexa9_0/include -MMD -MP -MF"src/ledfont.d" -MT"src/ledfont.o" -o "src/ledfont.o" "../src/ledfont.c"
../src/ledfont.c:403:31: warning: missing braces around initializer [-Wmissing-braces]
 const typFNT_GB32 tfont32[25]={
                               ^
 "血",0x00,0x00,0x00,0x00,0x00,0x00,0x00,0x00,0x00,0x40,0x00,0x00,0x00,0xC0,0x01,0x00,
 {    {
../src/ledfont.c:411:80:
 0x00,0x00,0x00,0x00,0x00,0x00,0x00,0x00,0x00,0x00,0x00,0x00,0x00,0x00,0x00,0x00,/*"血",0*/
                                                                                }
                                                                                }
 "氧",0x00,0x00,0x00,0x00,0x00,0x00,0x00,0x00,0x80,0x01,0x00,0x00,0x80,0x03,0x00,0x00,
 {    {
../src/ledfont.c:419:80:
 0x00,0x18,0x00,0x3C,0x00,0x18,0x00,0x38,0x00,0x08,0x00,0x00,0x00,0x00,0x00,0x00,/*"氧",1*/
                                                                                }
                                                                                }
 "蜂",0x00,0x00,0x00,0x00,0x00,0x00,0x00,0x00,0x40,0x00,0x04,0x00,0x80,0x01,0x0C,0x00,
 {    {
../src/ledfont.c:427:80:
 0x00,0x00,0x20,0x00,0x00,0x00,0x20,0x00,0x00,0x00,0x20,0x00,0x00,0x00,0x00,0x00,/*"蜂",2*/
                                                                                }
                                                                                }
 "鸣",0x00,0x00,0x00,0x00,0x00,0x00,0x00,0x00,0x00,0x00,0x08,0x00,0x00,0x00,0x1C,0x00,
 {    {
../src/ledfont.c:435:80:
 0x00,0x00,0xE0,0x07,0x00,0x00,0x80,0x07,0x00,0x00,0x00,0x01,0x00,0x00,0x00,0x00,/*"鸣",3*/
                                                                                }
                                                                                }
 "器",0x00,0x00,0x00,0x00,0x00,0x00,0x00,0x00,0x00,0x00,0x00,0x00,0x00,0x20,0x00,0x02,
 {    {
../src/ledfont.c:443:80:
 0xC0,0x20,0x06,0x03,0x40,0x00,0x06,0x01,0x00,0x00,0x00,0x00,0x00,0x00,0x00,0x00,/*"器",4*/
                                                                                }
                                                                                }
 "禁",0x00,0x00,0x00,0x00,0x00,0x00,0x00,0x00,0x00,0x02,0x20,0x00,0x00,0x06,0x60,0x00,
 {    {
../src/ledfont.c:451:80:
 0x10,0xF8,0x01,0x04,0x08,0xE0,0x01,0x04,0x00,0xC0,0x00,0x00,0x00,0x00,0x00,0x00,/*"禁",0*/
                                                                                }
                                                                                }
 "止",0x00,0x00,0x00,0x00,0x00,0x00,0x00,0x00,0x00,0x00,0x01,0x00,0x00,0x00,0x07,0x00,
 {    {
../src/ledfont.c:459:80:
 0x00,0x00,0x00,0x00,0x00,0x00,0x00,0x00,0x00,0x00,0x00,0x00,0x00,0x00,0x00,0x00,/*"止",1*/
                                                                                }
                                                                                }
 "允",0x00,0x00,0x00,0x00,0x00,0x00,0x00,0x00,0x00,0x40,0x00,0x00,0x00,0xE0,0x00,0x00,
 {    {
../src/ledfont.c:467:80:
 0xC0,0x00,0xFC,0x3F,0x30,0x00,0xF8,0x1F,0x0C,0x00,0x00,0x00,0x00,0x00,0x00,0x00,/*"允",2*/
                                                                                }
                                                                                }
 "许",0x00,0x00,0x00,0x00,0x00,0x00,0x00,0x00,0x00,0x00,0x01,0x00,0x30,0x00,0x07,0x00,
 {    {
../src/ledfont.c:475:80:
 0x00,0x00,0x30,0x00,0x00,0x00,0x30,0x00,0x00,0x00,0x10,0x00,0x00,0x00,0x00,0x00,/*"许",3*/
                                                                                }
                                                                                }
 "℃",0x00,0x00,0x00,0x00,0x00,0x00,0x00,0x00,0x00,0x00,0x00,0x00,0x00,0x00,0x00,0x00,
 {    {
../src/ledfont.c:483:80:
 0x00,0x00,0x00,0x00,0x00,0x00,0x00,0x00,0x00,0x00,0x00,0x00,0x00,0x00,0x00,0x00,/*"℃",0*/
                                                                                }
                                                                                }
 "温",0x00,0x00,0x00,0x00,0x00,0x00,0x00,0x00,0x00,0x00,0x00,0x00,0x30,0x10,0x00,0x01,
 {    {
../src/ledfont.c:491:80:
 0x30,0x8C,0x31,0x36,0xB0,0xFF,0xFF,0x3F,0x00,0x00,0x00,0x00,0x00,0x00,0x00,0x00,/*"温",0*/
                                                                                }
                                                                                }
 "湿",0x00,0x00,0x00,0x00,0x00,0x00,0x00,0x00,0x00,0x00,0x00,0x00,0x10,0x10,0x00,0x00,
 {    {
../src/ledfont.c:499:80:
 0x38,0x00,0x63,0x10,0x30,0xFF,0xFF,0x3F,0x00,0x00,0x00,0x00,0x00,0x00,0x00,0x00,/*"湿",1*/
                                                                                }
                                                                                }
 "度",0x00,0x00,0x00,0x00,0x00,0x00,0x00,0x00,0x00,0x80,0x00,0x00,0x00,0x00,0x03,0x00,
 {    {
../src/ledfont.c:507:80:
 0x04,0x70,0xE0,0x1F,0x04,0x0E,0x00,0x1F,0xE2,0x01,0x00,0x08,0x00,0x00,0x00,0x00,/*"度",2*/
                                                                                }
                                                                                }
 "七",0x00,0x00,0x00,0x00,0x00,0x00,0x00,0x00,0x00,0x60,0x00,0x00,0x00,0xE0,0x00,0x00,
 {    {
../src/ledfont.c:515:80:
 0x00,0x80,0xFF,0x1F,0x00,0x00,0x00,0x00,0x00,0x00,0x00,0x00,0x00,0x00,0x00,0x00,/*"七",13*/
                                                                                }
                                                                                }
 "烟",0x00,0x00,0x00,0x00,0x00,0x00,0x00,0x00,0x80,0x00,0x00,0x00,0x80,0x21,0x00,0x10,
 {    {
../src/ledfont.c:523:80:
 0x08,0x60,0x00,0x18,0x04,0x60,0x00,0x18,0x02,0x60,0x00,0x08,0x00,0x00,0x00,0x00,/*"烟",14*/
                                                                                }
                                                                                }
 "雾",0x00,0x00,0x00,0x00,0x00,0x00,0x00,0x00,0x00,0x00,0x80,0x00,0x80,0xFF,0xFF,0x01,
 {    {
../src/ledfont.c:531:80:
 0x00,0x0C,0x62,0x00,0x80,0x03,0x3C,0x00,0x78,0x00,0x18,0x00,0x00,0x00,0x00,0x00,/*"雾",15*/
                                                                                }
                                                                                }
 "燃",0x00,0x00,0x00,0x00,0x00,0x00,0x00,0x00,0x60,0x40,0x40,0x00,0xE0,0xC0,0xC1,0x01,
 {    {
../src/ledfont.c:539:80:
 0x08,0x0C,0xC3,0x30,0x04,0x0E,0xC3,0x30,0x02,0x06,0x02,0x10,0x00,0x00,0x00,0x00,/*"燃",16*/
                                                                                }
                                                                                }
 "气",0x00,0x00,0x00,0x00,0x00,0x00,0x00,0x00,0x00,0x02,0x00,0x00,0x00,0x07,0x00,0x00,
 {    {
../src/ledfont.c:547:80:
 0x00,0x00,0x00,0x1F,0x00,0x00,0x00,0x1E,0x00,0x00,0x00,0x38,0x00,0x00,0x00,0x00,/*"气",17*/
                                                                                }
                                                                                }
 "火",0x00,0x00,0x00,0x00,0x00,0x00,0x00,0x00,0x00,0x80,0x00,0x00,0x00,0x80,0x03,0x00,
 {    {
../src/ledfont.c:555:80:
 0xC0,0x00,0x00,0x3C,0x30,0x00,0x00,0x08,0x0C,0x00,0x00,0x00,0x00,0x00,0x00,0x00,/*"火",18*/
                                                                                }
                                                                                }
 "焰",0x00,0x00,0x00,0x00,0x00,0x00,0x00,0x00,0x00,0x00,0x04,0x00,0x80,0x01,0x1C,0x00,
 {    {
../src/ledfont.c:563:80:
 0x08,0xC0,0x00,0x18,0x04,0xC0,0x00,0x18,0x02,0x40,0x00,0x08,0x00,0x00,0x00,0x00,/*"焰",19*/
                                                                                }
                                                                                }
 "人",0x00,0x00,0x00,0x00,0x00,0x00,0x00,0x00,0x00,0x40,0x00,0x00,0x00,0xC0,0x01,0x00,
 {    {
../src/ledfont.c:571:80:
 0x20,0x00,0x00,0x7E,0x18,0x00,0x00,0x0C,0x04,0x00,0x00,0x00,0x00,0x00,0x00,0x00,/*"人",20*/
                                                                                }
                                                                                }
 "员",0x00,0x00,0x00,0x00,0x00,0x00,0x00,0x00,0x00,0x00,0x80,0x00,0x00,0xFE,0xFF,0x01,
 {    {
../src/ledfont.c:579:80:
 0x00,0x07,0x00,0x07,0xE0,0x01,0x00,0x04,0x1C,0x00,0x00,0x00,0x00,0x00,0x00,0x00,/*"员",21*/
                                                                                }
                                                                                }
 "孙",0x00,0x00,0x00,0x00,0x00,0x00,0x00,0x00,0x00,0x00,0x20,0x00,0x00,0x10,0xE0,0x00,
 {    {
../src/ledfont.c:587:80:
 0xE0,0x03,0x3E,0x00,0xC0,0x01,0x38,0x00,0x80,0x00,0x10,0x00,0x00,0x00,0x00,0x00,/*"孙",22*/
                                                                                }
                                                                                }
 "利",0x00,0x00,0x00,0x00,0x00,0x00,0x00,0x00,0x00,0x80,0x00,0x08,0x00,0xE0,0x01,0x18,
 {    {
../src/ledfont.c:595:80:
 0x00,0x0C,0x80,0x1F,0x00,0x0C,0x00,0x0E,0x00,0x04,0x00,0x04,0x00,0x00,0x00,0x00,/*"利",23*/
                                                                                }
                                                                                }
 "诚",0x00,0x00,0x00,0x00,0x00,0x00,0x10,0x00,0x20,0x00,0x70,0x00,0xC0,0x00,0x30,0x07,
 {    {
../src/ledfont.c:604:1:
 };
 }
 }
'Finished building: ../src/ledfont.c'
' '
'Building file: ../src/main.c'
'Invoking: ARM v7 gcc compiler'
arm-none-eabi-gcc -Wall -O0 -g3 -c -fmessage-length=0 -MT"src/main.o" -mcpu=cortex-a9 -mfpu=vfpv3 -mfloat-abi=hard -I../../ebaz_bsp/ps7_cortexa9_0/include -MMD -MP -MF"src/main.d" -MT"src/main.o" -o "src/main.o" "../src/main.c"
../src/main.c: In function 'main':
../src/main.c:30:51: warning: unused variable 'human' [-Wunused-variable]
  int buzzerenable=1,buzzer=0,fire=0,smoke=0,gas=0,human=0;
                                                   ^~~~~
../src/main.c:30:45: warning: unused variable 'gas' [-Wunused-variable]
  int buzzerenable=1,buzzer=0,fire=0,smoke=0,gas=0,human=0;
                                             ^~~
../src/main.c:30:37: warning: unused variable 'smoke' [-Wunused-variable]
  int buzzerenable=1,buzzer=0,fire=0,smoke=0,gas=0,human=0;
                                     ^~~~~
../src/main.c:30:30: warning: unused variable 'fire' [-Wunused-variable]
  int buzzerenable=1,buzzer=0,fire=0,smoke=0,gas=0,human=0;
                              ^~~~
../src/main.c:30:21: warning: unused variable 'buzzer' [-Wunused-variable]
  int buzzerenable=1,buzzer=0,fire=0,smoke=0,gas=0,human=0;
                     ^~~~~~
../src/main.c:30:6: warning: unused variable 'buzzerenable' [-Wunused-variable]
  int buzzerenable=1,buzzer=0,fire=0,smoke=0,gas=0,human=0;
      ^~~~~~~~~~~~
'Finished building: ../src/main.c'
' '
'Building target: ebaz.elf'
'Invoking: ARM v7 gcc linker'
arm-none-eabi-gcc -mcpu=cortex-a9 -mfpu=vfpv3 -mfloat-abi=hard -Wl,-build-id=none -specs=Xilinx.spec -Wl,-T -Wl,../src/lscript.ld -L../../ebaz_bsp/ps7_cortexa9_0/lib -o "ebaz.elf"  ./src/led.o ./src/ledfont.o ./src/main.o   -Wl,--start-group,-lxil,-lgcc,-lc,--end-group
'Finished building target: ebaz.elf'
' '
'Invoking: ARM v7 Print Size'
arm-none-eabi-size ebaz.elf  |tee "ebaz.elf.size"
   text	   data	    bss	    dec	    hex	filename
  60744	   1168	  22664	  84576	  14a60	ebaz.elf
'Finished building: ebaz.elf.size'
' '
22:02:08 **** Build of project text_bsp ****
make -k all 
"Running Make include in ps7_cortexa9_0/libsrc/coresightps_dcc_v1_4/src"
make -C ps7_cortexa9_0/libsrc/coresightps_dcc_v1_4/src -s include  "SHELL=CMD" "COMPILER=arm-none-eabi-gcc" "ARCHIVER=arm-none-eabi-ar" "COMPILER_FLAGS=  -O2 -c" "EXTRA_COMPILER_FLAGS=-mcpu=cortex-a9 -mfpu=vfpv3 -mfloat-abi=hard -nostartfiles -g -Wall -Wextra"
"Running Make include in ps7_cortexa9_0/libsrc/cpu_cortexa9_v2_7/src"
make -C ps7_cortexa9_0/libsrc/cpu_cortexa9_v2_7/src -s include  "SHELL=CMD" "COMPILER=arm-none-eabi-gcc" "ARCHIVER=arm-none-eabi-ar" "COMPILER_FLAGS=  -O2 -c" "EXTRA_COMPILER_FLAGS=-mcpu=cortex-a9 -mfpu=vfpv3 -mfloat-abi=hard -nostartfiles -g -Wall -Wextra"
"Running Make include in ps7_cortexa9_0/libsrc/ddrps_v1_0/src"
make -C ps7_cortexa9_0/libsrc/ddrps_v1_0/src -s include  "SHELL=CMD" "COMPILER=arm-none-eabi-gcc" "ARCHIVER=arm-none-eabi-ar" "COMPILER_FLAGS=  -O2 -c" "EXTRA_COMPILER_FLAGS=-mcpu=cortex-a9 -mfpu=vfpv3 -mfloat-abi=hard -nostartfiles -g -Wall -Wextra"
"Running Make include in ps7_cortexa9_0/libsrc/devcfg_v3_5/src"
make -C ps7_cortexa9_0/libsrc/devcfg_v3_5/src -s include  "SHELL=CMD" "COMPILER=arm-none-eabi-gcc" "ARCHIVER=arm-none-eabi-ar" "COMPILER_FLAGS=  -O2 -c" "EXTRA_COMPILER_FLAGS=-mcpu=cortex-a9 -mfpu=vfpv3 -mfloat-abi=hard -nostartfiles -g -Wall -Wextra"
"Running Make include in ps7_cortexa9_0/libsrc/dmaps_v2_4/src"
make -C ps7_cortexa9_0/libsrc/dmaps_v2_4/src -s include  "SHELL=CMD" "COMPILER=arm-none-eabi-gcc" "ARCHIVER=arm-none-eabi-ar" "COMPILER_FLAGS=  -O2 -c" "EXTRA_COMPILER_FLAGS=-mcpu=cortex-a9 -mfpu=vfpv3 -mfloat-abi=hard -nostartfiles -g -Wall -Wextra"
"Running Make include in ps7_cortexa9_0/libsrc/gpiops_v3_4/src"
make -C ps7_cortexa9_0/libsrc/gpiops_v3_4/src -s include  "SHELL=CMD" "COMPILER=arm-none-eabi-gcc" "ARCHIVER=arm-none-eabi-ar" "COMPILER_FLAGS=  -O2 -c" "EXTRA_COMPILER_FLAGS=-mcpu=cortex-a9 -mfpu=vfpv3 -mfloat-abi=hard -nostartfiles -g -Wall -Wextra"
"Running Make include in ps7_cortexa9_0/libsrc/gpio_v4_3/src"
make -C ps7_cortexa9_0/libsrc/gpio_v4_3/src -s include  "SHELL=CMD" "COMPILER=arm-none-eabi-gcc" "ARCHIVER=arm-none-eabi-ar" "COMPILER_FLAGS=  -O2 -c" "EXTRA_COMPILER_FLAGS=-mcpu=cortex-a9 -mfpu=vfpv3 -mfloat-abi=hard -nostartfiles -g -Wall -Wextra"
"Running Make include in ps7_cortexa9_0/libsrc/iicps_v3_8/src"
make -C ps7_cortexa9_0/libsrc/iicps_v3_8/src -s include  "SHELL=CMD" "COMPILER=arm-none-eabi-gcc" "ARCHIVER=arm-none-eabi-ar" "COMPILER_FLAGS=  -O2 -c" "EXTRA_COMPILER_FLAGS=-mcpu=cortex-a9 -mfpu=vfpv3 -mfloat-abi=hard -nostartfiles -g -Wall -Wextra"
"Running Make include in ps7_cortexa9_0/libsrc/scugic_v3_10/src"
make -C ps7_cortexa9_0/libsrc/scugic_v3_10/src -s include  "SHELL=CMD" "COMPILER=arm-none-eabi-gcc" "ARCHIVER=arm-none-eabi-ar" "COMPILER_FLAGS=  -O2 -c" "EXTRA_COMPILER_FLAGS=-mcpu=cortex-a9 -mfpu=vfpv3 -mfloat-abi=hard -nostartfiles -g -Wall -Wextra"
"Running Make include in ps7_cortexa9_0/libsrc/scutimer_v2_1/src"
make -C ps7_cortexa9_0/libsrc/scutimer_v2_1/src -s include  "SHELL=CMD" "COMPILER=arm-none-eabi-gcc" "ARCHIVER=arm-none-eabi-ar" "COMPILER_FLAGS=  -O2 -c" "EXTRA_COMPILER_FLAGS=-mcpu=cortex-a9 -mfpu=vfpv3 -mfloat-abi=hard -nostartfiles -g -Wall -Wextra"
"Running Make include in ps7_cortexa9_0/libsrc/scuwdt_v2_1/src"
make -C ps7_cortexa9_0/libsrc/scuwdt_v2_1/src -s include  "SHELL=CMD" "COMPILER=arm-none-eabi-gcc" "ARCHIVER=arm-none-eabi-ar" "COMPILER_FLAGS=  -O2 -c" "EXTRA_COMPILER_FLAGS=-mcpu=cortex-a9 -mfpu=vfpv3 -mfloat-abi=hard -nostartfiles -g -Wall -Wextra"
"Running Make include in ps7_cortexa9_0/libsrc/spips_v3_1/src"
make -C ps7_cortexa9_0/libsrc/spips_v3_1/src -s include  "SHELL=CMD" "COMPILER=arm-none-eabi-gcc" "ARCHIVER=arm-none-eabi-ar" "COMPILER_FLAGS=  -O2 -c" "EXTRA_COMPILER_FLAGS=-mcpu=cortex-a9 -mfpu=vfpv3 -mfloat-abi=hard -nostartfiles -g -Wall -Wextra"
"Running Make include in ps7_cortexa9_0/libsrc/standalone_v6_8/src"
make -C ps7_cortexa9_0/libsrc/standalone_v6_8/src -s include  "SHELL=CMD" "COMPILER=arm-none-eabi-gcc" "ARCHIVER=arm-none-eabi-ar" "COMPILER_FLAGS=  -O2 -c" "EXTRA_COMPILER_FLAGS=-mcpu=cortex-a9 -mfpu=vfpv3 -mfloat-abi=hard -nostartfiles -g -Wall -Wextra"
"Running Make include in ps7_cortexa9_0/libsrc/uartps_v3_7/src"
make -C ps7_cortexa9_0/libsrc/uartps_v3_7/src -s include  "SHELL=CMD" "COMPILER=arm-none-eabi-gcc" "ARCHIVER=arm-none-eabi-ar" "COMPILER_FLAGS=  -O2 -c" "EXTRA_COMPILER_FLAGS=-mcpu=cortex-a9 -mfpu=vfpv3 -mfloat-abi=hard -nostartfiles -g -Wall -Wextra"
"Running Make include in ps7_cortexa9_0/libsrc/xadcps_v2_3/src"
make -C ps7_cortexa9_0/libsrc/xadcps_v2_3/src -s include  "SHELL=CMD" "COMPILER=arm-none-eabi-gcc" "ARCHIVER=arm-none-eabi-ar" "COMPILER_FLAGS=  -O2 -c" "EXTRA_COMPILER_FLAGS=-mcpu=cortex-a9 -mfpu=vfpv3 -mfloat-abi=hard -nostartfiles -g -Wall -Wextra"
"Running Make libs in ps7_cortexa9_0/libsrc/coresightps_dcc_v1_4/src"
make -C ps7_cortexa9_0/libsrc/coresightps_dcc_v1_4/src -s libs  "SHELL=CMD" "COMPILER=arm-none-eabi-gcc" "ARCHIVER=arm-none-eabi-ar" "COMPILER_FLAGS=  -O2 -c" "EXTRA_COMPILER_FLAGS=-mcpu=cortex-a9 -mfpu=vfpv3 -mfloat-abi=hard -nostartfiles -g -Wall -Wextra"
"Compiling coresightps_dcc"
arm-none-eabi-ar: creating ../../../lib/libxil.a
"Running Make libs in ps7_cortexa9_0/libsrc/cpu_cortexa9_v2_7/src"
make -C ps7_cortexa9_0/libsrc/cpu_cortexa9_v2_7/src -s libs  "SHELL=CMD" "COMPILER=arm-none-eabi-gcc" "ARCHIVER=arm-none-eabi-ar" "COMPILER_FLAGS=  -O2 -c" "EXTRA_COMPILER_FLAGS=-mcpu=cortex-a9 -mfpu=vfpv3 -mfloat-abi=hard -nostartfiles -g -Wall -Wextra"
"Compiling cpu_cortexa9"
"Running Make libs in ps7_cortexa9_0/libsrc/ddrps_v1_0/src"
make -C ps7_cortexa9_0/libsrc/ddrps_v1_0/src -s libs  "SHELL=CMD" "COMPILER=arm-none-eabi-gcc" "ARCHIVER=arm-none-eabi-ar" "COMPILER_FLAGS=  -O2 -c" "EXTRA_COMPILER_FLAGS=-mcpu=cortex-a9 -mfpu=vfpv3 -mfloat-abi=hard -nostartfiles -g -Wall -Wextra"
"Compiling ddrps"
"Running Make libs in ps7_cortexa9_0/libsrc/devcfg_v3_5/src"
make -C ps7_cortexa9_0/libsrc/devcfg_v3_5/src -s libs  "SHELL=CMD" "COMPILER=arm-none-eabi-gcc" "ARCHIVER=arm-none-eabi-ar" "COMPILER_FLAGS=  -O2 -c" "EXTRA_COMPILER_FLAGS=-mcpu=cortex-a9 -mfpu=vfpv3 -mfloat-abi=hard -nostartfiles -g -Wall -Wextra"
"Compiling devcfg"
"Running Make libs in ps7_cortexa9_0/libsrc/dmaps_v2_4/src"
make -C ps7_cortexa9_0/libsrc/dmaps_v2_4/src -s libs  "SHELL=CMD" "COMPILER=arm-none-eabi-gcc" "ARCHIVER=arm-none-eabi-ar" "COMPILER_FLAGS=  -O2 -c" "EXTRA_COMPILER_FLAGS=-mcpu=cortex-a9 -mfpu=vfpv3 -mfloat-abi=hard -nostartfiles -g -Wall -Wextra"
"Compiling dmaps"
"Running Make libs in ps7_cortexa9_0/libsrc/gpiops_v3_4/src"
make -C ps7_cortexa9_0/libsrc/gpiops_v3_4/src -s libs  "SHELL=CMD" "COMPILER=arm-none-eabi-gcc" "ARCHIVER=arm-none-eabi-ar" "COMPILER_FLAGS=  -O2 -c" "EXTRA_COMPILER_FLAGS=-mcpu=cortex-a9 -mfpu=vfpv3 -mfloat-abi=hard -nostartfiles -g -Wall -Wextra"
"Compiling gpiops"
"Running Make libs in ps7_cortexa9_0/libsrc/gpio_v4_3/src"
make -C ps7_cortexa9_0/libsrc/gpio_v4_3/src -s libs  "SHELL=CMD" "COMPILER=arm-none-eabi-gcc" "ARCHIVER=arm-none-eabi-ar" "COMPILER_FLAGS=  -O2 -c" "EXTRA_COMPILER_FLAGS=-mcpu=cortex-a9 -mfpu=vfpv3 -mfloat-abi=hard -nostartfiles -g -Wall -Wextra"
"Compiling gpio"
"Running Make libs in ps7_cortexa9_0/libsrc/iicps_v3_8/src"
make -C ps7_cortexa9_0/libsrc/iicps_v3_8/src -s libs  "SHELL=CMD" "COMPILER=arm-none-eabi-gcc" "ARCHIVER=arm-none-eabi-ar" "COMPILER_FLAGS=  -O2 -c" "EXTRA_COMPILER_FLAGS=-mcpu=cortex-a9 -mfpu=vfpv3 -mfloat-abi=hard -nostartfiles -g -Wall -Wextra"
"Compiling iicps"
"Running Make libs in ps7_cortexa9_0/libsrc/scugic_v3_10/src"
make -C ps7_cortexa9_0/libsrc/scugic_v3_10/src -s libs  "SHELL=CMD" "COMPILER=arm-none-eabi-gcc" "ARCHIVER=arm-none-eabi-ar" "COMPILER_FLAGS=  -O2 -c" "EXTRA_COMPILER_FLAGS=-mcpu=cortex-a9 -mfpu=vfpv3 -mfloat-abi=hard -nostartfiles -g -Wall -Wextra"
"Compiling scugic"
"Running Make libs in ps7_cortexa9_0/libsrc/scutimer_v2_1/src"
make -C ps7_cortexa9_0/libsrc/scutimer_v2_1/src -s libs  "SHELL=CMD" "COMPILER=arm-none-eabi-gcc" "ARCHIVER=arm-none-eabi-ar" "COMPILER_FLAGS=  -O2 -c" "EXTRA_COMPILER_FLAGS=-mcpu=cortex-a9 -mfpu=vfpv3 -mfloat-abi=hard -nostartfiles -g -Wall -Wextra"
"Compiling scutimer"
"Running Make libs in ps7_cortexa9_0/libsrc/scuwdt_v2_1/src"
make -C ps7_cortexa9_0/libsrc/scuwdt_v2_1/src -s libs  "SHELL=CMD" "COMPILER=arm-none-eabi-gcc" "ARCHIVER=arm-none-eabi-ar" "COMPILER_FLAGS=  -O2 -c" "EXTRA_COMPILER_FLAGS=-mcpu=cortex-a9 -mfpu=vfpv3 -mfloat-abi=hard -nostartfiles -g -Wall -Wextra"
"Compiling scuwdt"
"Running Make libs in ps7_cortexa9_0/libsrc/spips_v3_1/src"
make -C ps7_cortexa9_0/libsrc/spips_v3_1/src -s libs  "SHELL=CMD" "COMPILER=arm-none-eabi-gcc" "ARCHIVER=arm-none-eabi-ar" "COMPILER_FLAGS=  -O2 -c" "EXTRA_COMPILER_FLAGS=-mcpu=cortex-a9 -mfpu=vfpv3 -mfloat-abi=hard -nostartfiles -g -Wall -Wextra"
"Compiling spips"
"Running Make libs in ps7_cortexa9_0/libsrc/standalone_v6_8/src"
make -C ps7_cortexa9_0/libsrc/standalone_v6_8/src -s libs  "SHELL=CMD" "COMPILER=arm-none-eabi-gcc" "ARCHIVER=arm-none-eabi-ar" "COMPILER_FLAGS=  -O2 -c" "EXTRA_COMPILER_FLAGS=-mcpu=cortex-a9 -mfpu=vfpv3 -mfloat-abi=hard -nostartfiles -g -Wall -Wextra"
"Compiling standalone"
In file included from usleep.c:56:0:
xtime_l.h:87:9: note: #pragma message: For the sleep routines, Global timer is being used
 #pragma message ("For the sleep routines, Global timer is being used")
         ^~~~~~~
In file included from xil_sleeptimer.c:51:0:
xtime_l.h:87:9: note: #pragma message: For the sleep routines, Global timer is being used
 #pragma message ("For the sleep routines, Global timer is being used")
         ^~~~~~~
In file included from xtime_l.c:49:0:
xtime_l.h:87:9: note: #pragma message: For the sleep routines, Global timer is being used
 #pragma message ("For the sleep routines, Global timer is being used")
         ^~~~~~~
In file included from sleep.c:53:0:
xtime_l.h:87:9: note: #pragma message: For the sleep routines, Global timer is being used
 #pragma message ("For the sleep routines, Global timer is being used")
         ^~~~~~~
"Running Make libs in ps7_cortexa9_0/libsrc/uartps_v3_7/src"
make -C ps7_cortexa9_0/libsrc/uartps_v3_7/src -s libs  "SHELL=CMD" "COMPILER=arm-none-eabi-gcc" "ARCHIVER=arm-none-eabi-ar" "COMPILER_FLAGS=  -O2 -c" "EXTRA_COMPILER_FLAGS=-mcpu=cortex-a9 -mfpu=vfpv3 -mfloat-abi=hard -nostartfiles -g -Wall -Wextra"
"Compiling uartps"
"Running Make libs in ps7_cortexa9_0/libsrc/xadcps_v2_3/src"
make -C ps7_cortexa9_0/libsrc/xadcps_v2_3/src -s libs  "SHELL=CMD" "COMPILER=arm-none-eabi-gcc" "ARCHIVER=arm-none-eabi-ar" "COMPILER_FLAGS=  -O2 -c" "EXTRA_COMPILER_FLAGS=-mcpu=cortex-a9 -mfpu=vfpv3 -mfloat-abi=hard -nostartfiles -g -Wall -Wextra"
"Compiling xadcps"
'Finished building libraries'

**** Build of configuration Debug for project text ****

Nothing to build for project text
22:02:55 **** Build of configuration Debug for project text_bsp_xgpio_example_1 ****
make pre-build main-build 
a9-linaro-pre-build-step
' '
'Building file: ../src/xgpio_example.c'
'Invoking: ARM v7 gcc compiler'
arm-none-eabi-gcc -Wall -O0 -g3 -c -fmessage-length=0 -MT"src/xgpio_example.o" -mcpu=cortex-a9 -mfpu=vfpv3 -mfloat-abi=hard -I../../text_bsp/ps7_cortexa9_0/include -MMD -MP -MF"src/xgpio_example.d" -MT"src/xgpio_example.o" -o "src/xgpio_example.o" "../src/xgpio_example.c"
'Finished building: ../src/xgpio_example.c'
' '
'Building target: text_bsp_xgpio_example_1.elf'
'Invoking: ARM v7 gcc linker'
arm-none-eabi-gcc -mcpu=cortex-a9 -mfpu=vfpv3 -mfloat-abi=hard -Wl,-build-id=none -specs=Xilinx.spec -Wl,-T -Wl,../src/lscript.ld -L../../text_bsp/ps7_cortexa9_0/lib -o "text_bsp_xgpio_example_1.elf"  ./src/xgpio_example.o   -Wl,--start-group,-lxil,-lgcc,-lc,--end-group
'Finished building target: text_bsp_xgpio_example_1.elf'
' '
'Invoking: ARM v7 Print Size'
arm-none-eabi-size text_bsp_xgpio_example_1.elf  |tee "text_bsp_xgpio_example_1.elf.size"
   text	   data	    bss	    dec	    hex	filename
  23712	   1168	  22600	  47480	   b978	text_bsp_xgpio_example_1.elf
'Finished building: text_bsp_xgpio_example_1.elf.size'
' '
22:04:20 **** Auto Build of configuration Debug for project ebaz ****
make pre-build main-build 
a9-linaro-pre-build-step
' '
'Building file: ../src/dht11.c'
'Invoking: ARM v7 gcc compiler'
arm-none-eabi-gcc -Wall -O0 -g3 -c -fmessage-length=0 -MT"src/dht11.o" -mcpu=cortex-a9 -mfpu=vfpv3 -mfloat-abi=hard -I../../ebaz_bsp/ps7_cortexa9_0/include -MMD -MP -MF"src/dht11.d" -MT"src/dht11.o" -o "src/dht11.o" "../src/dht11.c"
'Finished building: ../src/dht11.c'
' '
'Building target: ebaz.elf'
'Invoking: ARM v7 gcc linker'
arm-none-eabi-gcc -mcpu=cortex-a9 -mfpu=vfpv3 -mfloat-abi=hard -Wl,-build-id=none -specs=Xilinx.spec -Wl,-T -Wl,../src/lscript.ld -L../../ebaz_bsp/ps7_cortexa9_0/lib -o "ebaz.elf"  ./src/dht11.o ./src/led.o ./src/ledfont.o ./src/main.o   -Wl,--start-group,-lxil,-lgcc,-lc,--end-group
'Finished building target: ebaz.elf'
' '
'Invoking: ARM v7 Print Size'
arm-none-eabi-size ebaz.elf  |tee "ebaz.elf.size"
   text	   data	    bss	    dec	    hex	filename
  60744	   1168	  22664	  84576	  14a60	ebaz.elf
'Finished building: ebaz.elf.size'
' '
22:04:29 **** Auto Build of configuration Debug for project ebaz ****
make pre-build main-build 
a9-linaro-pre-build-step
' '
make: Nothing to be done for 'main-build'.
22:05:31 **** Auto Build of configuration Debug for project ebaz ****
make pre-build main-build 
a9-linaro-pre-build-step
' '
'Building file: ../src/led.c'
'Invoking: ARM v7 gcc compiler'
arm-none-eabi-gcc -Wall -O0 -g3 -c -fmessage-length=0 -MT"src/led.o" -mcpu=cortex-a9 -mfpu=vfpv3 -mfloat-abi=hard -I../../ebaz_bsp/ps7_cortexa9_0/include -MMD -MP -MF"src/led.d" -MT"src/led.o" -o "src/led.o" "../src/led.c"
../src/led.c: In function 'Lcd_Init':
../src/led.c:108:2: warning: implicit declaration of function 'LCD_Fill' [-Wimplicit-function-declaration]
  LCD_Fill(0,0,240,240,BLACK);
  ^~~~~~~~
../src/led.c: At top level:
../src/led.c:315:6: warning: conflicting types for 'LCD_Fill'
 void LCD_Fill(u16 xsta,u16 ysta,u16 xend,u16 yend,u16 color)
      ^~~~~~~~
../src/led.c:108:2: note: previous implicit declaration of 'LCD_Fill' was here
  LCD_Fill(0,0,240,240,BLACK);
  ^~~~~~~~
'Finished building: ../src/led.c'
' '
'Building file: ../src/main.c'
'Invoking: ARM v7 gcc compiler'
arm-none-eabi-gcc -Wall -O0 -g3 -c -fmessage-length=0 -MT"src/main.o" -mcpu=cortex-a9 -mfpu=vfpv3 -mfloat-abi=hard -I../../ebaz_bsp/ps7_cortexa9_0/include -MMD -MP -MF"src/main.d" -MT"src/main.o" -o "src/main.o" "../src/main.c"
../src/main.c: In function 'main':
../src/main.c:30:51: warning: unused variable 'human' [-Wunused-variable]
  int buzzerenable=1,buzzer=0,fire=0,smoke=0,gas=0,human=0;
                                                   ^~~~~
../src/main.c:30:45: warning: unused variable 'gas' [-Wunused-variable]
  int buzzerenable=1,buzzer=0,fire=0,smoke=0,gas=0,human=0;
                                             ^~~
../src/main.c:30:37: warning: unused variable 'smoke' [-Wunused-variable]
  int buzzerenable=1,buzzer=0,fire=0,smoke=0,gas=0,human=0;
                                     ^~~~~
../src/main.c:30:30: warning: unused variable 'fire' [-Wunused-variable]
  int buzzerenable=1,buzzer=0,fire=0,smoke=0,gas=0,human=0;
                              ^~~~
../src/main.c:30:21: warning: unused variable 'buzzer' [-Wunused-variable]
  int buzzerenable=1,buzzer=0,fire=0,smoke=0,gas=0,human=0;
                     ^~~~~~
../src/main.c:30:6: warning: unused variable 'buzzerenable' [-Wunused-variable]
  int buzzerenable=1,buzzer=0,fire=0,smoke=0,gas=0,human=0;
      ^~~~~~~~~~~~
'Finished building: ../src/main.c'
' '
'Building target: ebaz.elf'
'Invoking: ARM v7 gcc linker'
arm-none-eabi-gcc -mcpu=cortex-a9 -mfpu=vfpv3 -mfloat-abi=hard -Wl,-build-id=none -specs=Xilinx.spec -Wl,-T -Wl,../src/lscript.ld -L../../ebaz_bsp/ps7_cortexa9_0/lib -o "ebaz.elf"  ./src/dht11.o ./src/led.o ./src/ledfont.o ./src/main.o   -Wl,--start-group,-lxil,-lgcc,-lc,--end-group
'Finished building target: ebaz.elf'
' '
'Invoking: ARM v7 Print Size'
arm-none-eabi-size ebaz.elf  |tee "ebaz.elf.size"
   text	   data	    bss	    dec	    hex	filename
  60744	   1168	  22664	  84576	  14a60	ebaz.elf
'Finished building: ebaz.elf.size'
' '
22:17:35 **** Auto Build of configuration Debug for project ebaz ****
make pre-build main-build 
a9-linaro-pre-build-step
' '
'Building file: ../src/dht11.c'
'Invoking: ARM v7 gcc compiler'
arm-none-eabi-gcc -Wall -O0 -g3 -c -fmessage-length=0 -MT"src/dht11.o" -mcpu=cortex-a9 -mfpu=vfpv3 -mfloat-abi=hard -I../../ebaz_bsp/ps7_cortexa9_0/include -MMD -MP -MF"src/dht11.d" -MT"src/dht11.o" -o "src/dht11.o" "../src/dht11.c"
../src/dht11.c: In function 'dht11_init':
../src/dht11.c:12:2: warning: implicit declaration of function 'XGpio_Initialize' [-Wimplicit-function-declaration]
  XGpio_Initialize(&AXIGpio, XPAR_AXI_GPIO_0_DEVICE_ID);
  ^~~~~~~~~~~~~~~~
../src/dht11.c:12:20: error: 'AXIGpio' undeclared (first use in this function)
  XGpio_Initialize(&AXIGpio, XPAR_AXI_GPIO_0_DEVICE_ID);
                    ^~~~~~~
../src/dht11.c:12:20: note: each undeclared identifier is reported only once for each function it appears in
../src/dht11.c:12:29: error: 'XPAR_AXI_GPIO_0_DEVICE_ID' undeclared (first use in this function)
  XGpio_Initialize(&AXIGpio, XPAR_AXI_GPIO_0_DEVICE_ID);
                             ^~~~~~~~~~~~~~~~~~~~~~~~~
../src/dht11.c:13:2: warning: implicit declaration of function 'XGpio_SetDataDirection' [-Wimplicit-function-declaration]
  XGpio_SetDataDirection(&AXIGpio, 1, 0);
  ^~~~~~~~~~~~~~~~~~~~~~
../src/dht11.c:14:2: warning: implicit declaration of function 'XGpio_DiscreteWrite' [-Wimplicit-function-declaration]
  XGpio_DiscreteWrite(&Gpio, 1, 0x1);
  ^~~~~~~~~~~~~~~~~~~
../src/dht11.c:14:23: error: 'Gpio' undeclared (first use in this function); did you mean 'AXIGpio'?
  XGpio_DiscreteWrite(&Gpio, 1, 0x1);
                       ^~~~
                       AXIGpio
../src/dht11.c: At top level:
../src/dht11.c:16:1: error: unknown type name 'u8'
 u8 dht11_read_bit(){
 ^~
../src/dht11.c: In function 'dht11_read_bit':
../src/dht11.c:17:2: error: unknown type name 'u8'
  u8 retry=0;
  ^~
../src/dht11.c:18:8: warning: implicit declaration of function 'XGpio_DiscreteRead' [-Wimplicit-function-declaration]
  while(XGpio_DiscreteRead(&Gpio, 1)&&retry<100)//等待变为低电平
        ^~~~~~~~~~~~~~~~~~
../src/dht11.c:18:28: error: 'Gpio' undeclared (first use in this function)
  while(XGpio_DiscreteRead(&Gpio, 1)&&retry<100)//等待变为低电平
                            ^~~~
../src/dht11.c:21:4: warning: implicit declaration of function 'usleep' [-Wimplicit-function-declaration]
    usleep(1);
    ^~~~~~
../src/dht11.c:32:1: warning: control reaches end of non-void function [-Wreturn-type]
 }
 ^
make: *** [src/subdir.mk:32: src/dht11.o] Error 1
22:17:49 **** Auto Build of configuration Debug for project ebaz ****
make pre-build main-build 
a9-linaro-pre-build-step
' '
'Building file: ../src/dht11.c'
'Invoking: ARM v7 gcc compiler'
arm-none-eabi-gcc -Wall -O0 -g3 -c -fmessage-length=0 -MT"src/dht11.o" -mcpu=cortex-a9 -mfpu=vfpv3 -mfloat-abi=hard -I../../ebaz_bsp/ps7_cortexa9_0/include -MMD -MP -MF"src/dht11.d" -MT"src/dht11.o" -o "src/dht11.o" "../src/dht11.c"
../src/dht11.c: In function 'dht11_init':
../src/dht11.c:14:23: error: 'Gpio' undeclared (first use in this function); did you mean 'XGpio'?
  XGpio_DiscreteWrite(&Gpio, 1, 0x1);
                       ^~~~
                       XGpio
../src/dht11.c:14:23: note: each undeclared identifier is reported only once for each function it appears in
../src/dht11.c: In function 'dht11_read_bit':
../src/dht11.c:18:28: error: 'Gpio' undeclared (first use in this function); did you mean 'XGpio'?
  while(XGpio_DiscreteRead(&Gpio, 1)&&retry<100)//等待变为低电平
                            ^~~~
                            XGpio
../src/dht11.c:32:1: warning: control reaches end of non-void function [-Wreturn-type]
 }
 ^
make: *** [src/subdir.mk:32: src/dht11.o] Error 1
22:18:14 **** Auto Build of configuration Debug for project ebaz ****
make pre-build main-build 
a9-linaro-pre-build-step
' '
'Building file: ../src/dht11.c'
'Invoking: ARM v7 gcc compiler'
arm-none-eabi-gcc -Wall -O0 -g3 -c -fmessage-length=0 -MT"src/dht11.o" -mcpu=cortex-a9 -mfpu=vfpv3 -mfloat-abi=hard -I../../ebaz_bsp/ps7_cortexa9_0/include -MMD -MP -MF"src/dht11.d" -MT"src/dht11.o" -o "src/dht11.o" "../src/dht11.c"
'Finished building: ../src/dht11.c'
' '
'Building target: ebaz.elf'
'Invoking: ARM v7 gcc linker'
arm-none-eabi-gcc -mcpu=cortex-a9 -mfpu=vfpv3 -mfloat-abi=hard -Wl,-build-id=none -specs=Xilinx.spec -Wl,-T -Wl,../src/lscript.ld -L../../ebaz_bsp/ps7_cortexa9_0/lib -o "ebaz.elf"  ./src/dht11.o ./src/led.o ./src/ledfont.o ./src/main.o   -Wl,--start-group,-lxil,-lgcc,-lc,--end-group
'Finished building target: ebaz.elf'
' '
'Invoking: ARM v7 Print Size'
arm-none-eabi-size ebaz.elf  |tee "ebaz.elf.size"
   text	   data	    bss	    dec	    hex	filename
  62080	   1184	  22680	  85944	  14fb8	ebaz.elf
'Finished building: ebaz.elf.size'
' '
22:24:49 **** Auto Build of configuration Debug for project ebaz ****
make pre-build main-build 
a9-linaro-pre-build-step
' '
'Building file: ../src/dht11.c'
'Invoking: ARM v7 gcc compiler'
arm-none-eabi-gcc -Wall -O0 -g3 -c -fmessage-length=0 -MT"src/dht11.o" -mcpu=cortex-a9 -mfpu=vfpv3 -mfloat-abi=hard -I../../ebaz_bsp/ps7_cortexa9_0/include -MMD -MP -MF"src/dht11.d" -MT"src/dht11.o" -o "src/dht11.o" "../src/dht11.c"
../src/dht11.c: In function 'DHT11_Read_Data':
../src/dht11.c:80:4: error: 'temi' undeclared (first use in this function); did you mean 'tem'?
    temi=buf[0];
    ^~~~
    tem
../src/dht11.c:80:4: note: each undeclared identifier is reported only once for each function it appears in
../src/dht11.c:81:4: error: 'temf' undeclared (first use in this function); did you mean 'temi'?
    temf=buf[1];
    ^~~~
    temi
../src/dht11.c:82:4: error: 'weti' undeclared (first use in this function); did you mean 'wet'?
    weti=buf[2];
    ^~~~
    wet
../src/dht11.c:83:4: error: 'wetf' undeclared (first use in this function); did you mean 'weti'?
    wetf=buf[3];
    ^~~~
    weti
make: *** [src/subdir.mk:32: src/dht11.o] Error 1
22:24:57 **** Auto Build of configuration Debug for project ebaz ****
make pre-build main-build 
a9-linaro-pre-build-step
' '
'Building file: ../src/dht11.c'
'Invoking: ARM v7 gcc compiler'
arm-none-eabi-gcc -Wall -O0 -g3 -c -fmessage-length=0 -MT"src/dht11.o" -mcpu=cortex-a9 -mfpu=vfpv3 -mfloat-abi=hard -I../../ebaz_bsp/ps7_cortexa9_0/include -MMD -MP -MF"src/dht11.d" -MT"src/dht11.o" -o "src/dht11.o" "../src/dht11.c"
'Finished building: ../src/dht11.c'
' '
'Building target: ebaz.elf'
'Invoking: ARM v7 gcc linker'
arm-none-eabi-gcc -mcpu=cortex-a9 -mfpu=vfpv3 -mfloat-abi=hard -Wl,-build-id=none -specs=Xilinx.spec -Wl,-T -Wl,../src/lscript.ld -L../../ebaz_bsp/ps7_cortexa9_0/lib -o "ebaz.elf"  ./src/dht11.o ./src/led.o ./src/ledfont.o ./src/main.o   -Wl,--start-group,-lxil,-lgcc,-lc,--end-group
'Finished building target: ebaz.elf'
' '
'Invoking: ARM v7 Print Size'
arm-none-eabi-size ebaz.elf  |tee "ebaz.elf.size"
   text	   data	    bss	    dec	    hex	filename
  62740	   1184	  22696	  86620	  1525c	ebaz.elf
'Finished building: ebaz.elf.size'
' '
22:25:21 **** Auto Build of configuration Debug for project ebaz ****
make pre-build main-build 
a9-linaro-pre-build-step
' '
'Building file: ../src/dht11.c'
'Invoking: ARM v7 gcc compiler'
arm-none-eabi-gcc -Wall -O0 -g3 -c -fmessage-length=0 -MT"src/dht11.o" -mcpu=cortex-a9 -mfpu=vfpv3 -mfloat-abi=hard -I../../ebaz_bsp/ps7_cortexa9_0/include -MMD -MP -MF"src/dht11.d" -MT"src/dht11.o" -o "src/dht11.o" "../src/dht11.c"
'Finished building: ../src/dht11.c'
' '
'Building target: ebaz.elf'
'Invoking: ARM v7 gcc linker'
arm-none-eabi-gcc -mcpu=cortex-a9 -mfpu=vfpv3 -mfloat-abi=hard -Wl,-build-id=none -specs=Xilinx.spec -Wl,-T -Wl,../src/lscript.ld -L../../ebaz_bsp/ps7_cortexa9_0/lib -o "ebaz.elf"  ./src/dht11.o ./src/led.o ./src/ledfont.o ./src/main.o   -Wl,--start-group,-lxil,-lgcc,-lc,--end-group
'Finished building target: ebaz.elf'
' '
'Invoking: ARM v7 Print Size'
arm-none-eabi-size ebaz.elf  |tee "ebaz.elf.size"
   text	   data	    bss	    dec	    hex	filename
  62724	   1184	  22696	  86604	  1524c	ebaz.elf
'Finished building: ebaz.elf.size'
' '
22:33:06 **** Auto Build of configuration Debug for project ebaz ****
make pre-build main-build 
a9-linaro-pre-build-step
' '
'Building file: ../src/main.c'
'Invoking: ARM v7 gcc compiler'
arm-none-eabi-gcc -Wall -O0 -g3 -c -fmessage-length=0 -MT"src/main.o" -mcpu=cortex-a9 -mfpu=vfpv3 -mfloat-abi=hard -I../../ebaz_bsp/ps7_cortexa9_0/include -MMD -MP -MF"src/main.d" -MT"src/main.o" -o "src/main.o" "../src/main.c"
../src/main.c: In function 'main':
../src/main.c:51:6: warning: implicit declaration of function 'DHT11_Read_Data' [-Wimplicit-function-declaration]
      DHT11_Read_Data();
      ^~~~~~~~~~~~~~~
../src/main.c:31:51: warning: unused variable 'human' [-Wunused-variable]
  int buzzerenable=1,buzzer=0,fire=0,smoke=0,gas=0,human=0;
                                                   ^~~~~
../src/main.c:31:45: warning: unused variable 'gas' [-Wunused-variable]
  int buzzerenable=1,buzzer=0,fire=0,smoke=0,gas=0,human=0;
                                             ^~~
../src/main.c:31:37: warning: unused variable 'smoke' [-Wunused-variable]
  int buzzerenable=1,buzzer=0,fire=0,smoke=0,gas=0,human=0;
                                     ^~~~~
../src/main.c:31:30: warning: unused variable 'fire' [-Wunused-variable]
  int buzzerenable=1,buzzer=0,fire=0,smoke=0,gas=0,human=0;
                              ^~~~
../src/main.c:31:21: warning: unused variable 'buzzer' [-Wunused-variable]
  int buzzerenable=1,buzzer=0,fire=0,smoke=0,gas=0,human=0;
                     ^~~~~~
../src/main.c:31:6: warning: unused variable 'buzzerenable' [-Wunused-variable]
  int buzzerenable=1,buzzer=0,fire=0,smoke=0,gas=0,human=0;
      ^~~~~~~~~~~~
'Finished building: ../src/main.c'
' '
'Building target: ebaz.elf'
'Invoking: ARM v7 gcc linker'
arm-none-eabi-gcc -mcpu=cortex-a9 -mfpu=vfpv3 -mfloat-abi=hard -Wl,-build-id=none -specs=Xilinx.spec -Wl,-T -Wl,../src/lscript.ld -L../../ebaz_bsp/ps7_cortexa9_0/lib -o "ebaz.elf"  ./src/dht11.o ./src/led.o ./src/ledfont.o ./src/main.o   -Wl,--start-group,-lxil,-lgcc,-lc,--end-group
./src/main.o:D:\workspace\xilinx\ebaz\ebaz.sdk\ebaz\Debug/../src/dht11.h:17: multiple definition of `temi'
./src/dht11.o:D:\workspace\xilinx\ebaz\ebaz.sdk\ebaz\Debug/../src/dht11.h:17: first defined here
./src/main.o:D:\workspace\xilinx\ebaz\ebaz.sdk\ebaz\Debug/../src/dht11.h:17: multiple definition of `weti'
./src/dht11.o:D:\workspace\xilinx\ebaz\ebaz.sdk\ebaz\Debug/../src/dht11.h:17: first defined here
./src/main.o:D:\workspace\xilinx\ebaz\ebaz.sdk\ebaz\Debug/../src/dht11.h:18: multiple definition of `temf'
./src/dht11.o:D:\workspace\xilinx\ebaz\ebaz.sdk\ebaz\Debug/../src/dht11.h:18: first defined here
./src/main.o:D:\workspace\xilinx\ebaz\ebaz.sdk\ebaz\Debug/../src/dht11.h:18: multiple definition of `wetf'
./src/dht11.o:D:\workspace\xilinx\ebaz\ebaz.sdk\ebaz\Debug/../src/dht11.h:18: first defined here
collect2.exe: error: ld returned 1 exit status
make: *** [makefile:41: ebaz.elf] Error 1
22:33:18 **** Auto Build of configuration Debug for project ebaz ****
make pre-build main-build 
a9-linaro-pre-build-step
' '
'Building file: ../src/dht11.c'
'Invoking: ARM v7 gcc compiler'
arm-none-eabi-gcc -Wall -O0 -g3 -c -fmessage-length=0 -MT"src/dht11.o" -mcpu=cortex-a9 -mfpu=vfpv3 -mfloat-abi=hard -I../../ebaz_bsp/ps7_cortexa9_0/include -MMD -MP -MF"src/dht11.d" -MT"src/dht11.o" -o "src/dht11.o" "../src/dht11.c"
'Finished building: ../src/dht11.c'
' '
'Building file: ../src/main.c'
'Invoking: ARM v7 gcc compiler'
arm-none-eabi-gcc -Wall -O0 -g3 -c -fmessage-length=0 -MT"src/main.o" -mcpu=cortex-a9 -mfpu=vfpv3 -mfloat-abi=hard -I../../ebaz_bsp/ps7_cortexa9_0/include -MMD -MP -MF"src/main.d" -MT"src/main.o" -o "src/main.o" "../src/main.c"
../src/main.c: In function 'main':
../src/main.c:31:51: warning: unused variable 'human' [-Wunused-variable]
  int buzzerenable=1,buzzer=0,fire=0,smoke=0,gas=0,human=0;
                                                   ^~~~~
../src/main.c:31:45: warning: unused variable 'gas' [-Wunused-variable]
  int buzzerenable=1,buzzer=0,fire=0,smoke=0,gas=0,human=0;
                                             ^~~
../src/main.c:31:37: warning: unused variable 'smoke' [-Wunused-variable]
  int buzzerenable=1,buzzer=0,fire=0,smoke=0,gas=0,human=0;
                                     ^~~~~
../src/main.c:31:30: warning: unused variable 'fire' [-Wunused-variable]
  int buzzerenable=1,buzzer=0,fire=0,smoke=0,gas=0,human=0;
                              ^~~~
../src/main.c:31:21: warning: unused variable 'buzzer' [-Wunused-variable]
  int buzzerenable=1,buzzer=0,fire=0,smoke=0,gas=0,human=0;
                     ^~~~~~
../src/main.c:31:6: warning: unused variable 'buzzerenable' [-Wunused-variable]
  int buzzerenable=1,buzzer=0,fire=0,smoke=0,gas=0,human=0;
      ^~~~~~~~~~~~
'Finished building: ../src/main.c'
' '
'Building target: ebaz.elf'
'Invoking: ARM v7 gcc linker'
arm-none-eabi-gcc -mcpu=cortex-a9 -mfpu=vfpv3 -mfloat-abi=hard -Wl,-build-id=none -specs=Xilinx.spec -Wl,-T -Wl,../src/lscript.ld -L../../ebaz_bsp/ps7_cortexa9_0/lib -o "ebaz.elf"  ./src/dht11.o ./src/led.o ./src/ledfont.o ./src/main.o   -Wl,--start-group,-lxil,-lgcc,-lc,--end-group
./src/main.o:D:\workspace\xilinx\ebaz\ebaz.sdk\ebaz\Debug/../src/dht11.h:17: multiple definition of `temi'
./src/dht11.o:D:\workspace\xilinx\ebaz\ebaz.sdk\ebaz\Debug/../src/dht11.h:17: first defined here
./src/main.o:D:\workspace\xilinx\ebaz\ebaz.sdk\ebaz\Debug/../src/dht11.h:17: multiple definition of `weti'
./src/dht11.o:D:\workspace\xilinx\ebaz\ebaz.sdk\ebaz\Debug/../src/dht11.h:17: first defined here
./src/main.o:D:\workspace\xilinx\ebaz\ebaz.sdk\ebaz\Debug/../src/dht11.h:18: multiple definition of `temf'
./src/dht11.o:D:\workspace\xilinx\ebaz\ebaz.sdk\ebaz\Debug/../src/dht11.h:18: first defined here
./src/main.o:D:\workspace\xilinx\ebaz\ebaz.sdk\ebaz\Debug/../src/dht11.h:18: multiple definition of `wetf'
./src/dht11.o:D:\workspace\xilinx\ebaz\ebaz.sdk\ebaz\Debug/../src/dht11.h:18: first defined here
collect2.exe: error: ld returned 1 exit status
make: *** [makefile:41: ebaz.elf] Error 1
22:33:46 **** Auto Build of configuration Debug for project ebaz ****
make pre-build main-build 
a9-linaro-pre-build-step
' '
'Building file: ../src/dht11.c'
'Invoking: ARM v7 gcc compiler'
arm-none-eabi-gcc -Wall -O0 -g3 -c -fmessage-length=0 -MT"src/dht11.o" -mcpu=cortex-a9 -mfpu=vfpv3 -mfloat-abi=hard -I../../ebaz_bsp/ps7_cortexa9_0/include -MMD -MP -MF"src/dht11.d" -MT"src/dht11.o" -o "src/dht11.o" "../src/dht11.c"
In file included from ../src/dht11.c:9:0:
../src/dht11.h:17:12: warning: 'temi' initialized and declared 'extern'
 extern int temi=0,weti=0;
            ^~~~
../src/dht11.h:17:19: warning: 'weti' initialized and declared 'extern'
 extern int temi=0,weti=0;
                   ^~~~
../src/dht11.h:18:12: warning: 'temf' initialized and declared 'extern'
 extern int temf=0,wetf=0;
            ^~~~
../src/dht11.h:18:19: warning: 'wetf' initialized and declared 'extern'
 extern int temf=0,wetf=0;
                   ^~~~
'Finished building: ../src/dht11.c'
' '
'Building file: ../src/main.c'
'Invoking: ARM v7 gcc compiler'
arm-none-eabi-gcc -Wall -O0 -g3 -c -fmessage-length=0 -MT"src/main.o" -mcpu=cortex-a9 -mfpu=vfpv3 -mfloat-abi=hard -I../../ebaz_bsp/ps7_cortexa9_0/include -MMD -MP -MF"src/main.d" -MT"src/main.o" -o "src/main.o" "../src/main.c"
In file included from ../src/main.c:10:0:
../src/dht11.h:17:12: warning: 'temi' initialized and declared 'extern'
 extern int temi=0,weti=0;
            ^~~~
../src/dht11.h:17:19: warning: 'weti' initialized and declared 'extern'
 extern int temi=0,weti=0;
                   ^~~~
../src/dht11.h:18:12: warning: 'temf' initialized and declared 'extern'
 extern int temf=0,wetf=0;
            ^~~~
../src/dht11.h:18:19: warning: 'wetf' initialized and declared 'extern'
 extern int temf=0,wetf=0;
                   ^~~~
../src/main.c: In function 'main':
../src/main.c:31:51: warning: unused variable 'human' [-Wunused-variable]
  int buzzerenable=1,buzzer=0,fire=0,smoke=0,gas=0,human=0;
                                                   ^~~~~
../src/main.c:31:45: warning: unused variable 'gas' [-Wunused-variable]
  int buzzerenable=1,buzzer=0,fire=0,smoke=0,gas=0,human=0;
                                             ^~~
../src/main.c:31:37: warning: unused variable 'smoke' [-Wunused-variable]
  int buzzerenable=1,buzzer=0,fire=0,smoke=0,gas=0,human=0;
                                     ^~~~~
../src/main.c:31:30: warning: unused variable 'fire' [-Wunused-variable]
  int buzzerenable=1,buzzer=0,fire=0,smoke=0,gas=0,human=0;
                              ^~~~
../src/main.c:31:21: warning: unused variable 'buzzer' [-Wunused-variable]
  int buzzerenable=1,buzzer=0,fire=0,smoke=0,gas=0,human=0;
                     ^~~~~~
../src/main.c:31:6: warning: unused variable 'buzzerenable' [-Wunused-variable]
  int buzzerenable=1,buzzer=0,fire=0,smoke=0,gas=0,human=0;
      ^~~~~~~~~~~~
'Finished building: ../src/main.c'
' '
'Building target: ebaz.elf'
'Invoking: ARM v7 gcc linker'
arm-none-eabi-gcc -mcpu=cortex-a9 -mfpu=vfpv3 -mfloat-abi=hard -Wl,-build-id=none -specs=Xilinx.spec -Wl,-T -Wl,../src/lscript.ld -L../../ebaz_bsp/ps7_cortexa9_0/lib -o "ebaz.elf"  ./src/dht11.o ./src/led.o ./src/ledfont.o ./src/main.o   -Wl,--start-group,-lxil,-lgcc,-lc,--end-group
./src/main.o:D:\workspace\xilinx\ebaz\ebaz.sdk\ebaz\Debug/../src/dht11.h:17: multiple definition of `temi'
./src/dht11.o:D:\workspace\xilinx\ebaz\ebaz.sdk\ebaz\Debug/../src/dht11.h:17: first defined here
./src/main.o:D:\workspace\xilinx\ebaz\ebaz.sdk\ebaz\Debug/../src/dht11.h:17: multiple definition of `weti'
./src/dht11.o:D:\workspace\xilinx\ebaz\ebaz.sdk\ebaz\Debug/../src/dht11.h:17: first defined here
./src/main.o:D:\workspace\xilinx\ebaz\ebaz.sdk\ebaz\Debug/../src/dht11.h:18: multiple definition of `temf'
./src/dht11.o:D:\workspace\xilinx\ebaz\ebaz.sdk\ebaz\Debug/../src/dht11.h:18: first defined here
./src/main.o:D:\workspace\xilinx\ebaz\ebaz.sdk\ebaz\Debug/../src/dht11.h:18: multiple definition of `wetf'
./src/dht11.o:D:\workspace\xilinx\ebaz\ebaz.sdk\ebaz\Debug/../src/dht11.h:18: first defined here
collect2.exe: error: ld returned 1 exit status
make: *** [makefile:41: ebaz.elf] Error 1
22:34:54 **** Auto Build of configuration Debug for project ebaz ****
make pre-build main-build 
a9-linaro-pre-build-step
' '
'Building file: ../src/dht11.c'
'Invoking: ARM v7 gcc compiler'
arm-none-eabi-gcc -Wall -O0 -g3 -c -fmessage-length=0 -MT"src/dht11.o" -mcpu=cortex-a9 -mfpu=vfpv3 -mfloat-abi=hard -I../../ebaz_bsp/ps7_cortexa9_0/include -MMD -MP -MF"src/dht11.d" -MT"src/dht11.o" -o "src/dht11.o" "../src/dht11.c"
'Finished building: ../src/dht11.c'
' '
'Building file: ../src/main.c'
'Invoking: ARM v7 gcc compiler'
arm-none-eabi-gcc -Wall -O0 -g3 -c -fmessage-length=0 -MT"src/main.o" -mcpu=cortex-a9 -mfpu=vfpv3 -mfloat-abi=hard -I../../ebaz_bsp/ps7_cortexa9_0/include -MMD -MP -MF"src/main.d" -MT"src/main.o" -o "src/main.o" "../src/main.c"
../src/main.c: In function 'main':
../src/main.c:31:51: warning: unused variable 'human' [-Wunused-variable]
  int buzzerenable=1,buzzer=0,fire=0,smoke=0,gas=0,human=0;
                                                   ^~~~~
../src/main.c:31:45: warning: unused variable 'gas' [-Wunused-variable]
  int buzzerenable=1,buzzer=0,fire=0,smoke=0,gas=0,human=0;
                                             ^~~
../src/main.c:31:37: warning: unused variable 'smoke' [-Wunused-variable]
  int buzzerenable=1,buzzer=0,fire=0,smoke=0,gas=0,human=0;
                                     ^~~~~
../src/main.c:31:30: warning: unused variable 'fire' [-Wunused-variable]
  int buzzerenable=1,buzzer=0,fire=0,smoke=0,gas=0,human=0;
                              ^~~~
../src/main.c:31:21: warning: unused variable 'buzzer' [-Wunused-variable]
  int buzzerenable=1,buzzer=0,fire=0,smoke=0,gas=0,human=0;
                     ^~~~~~
../src/main.c:31:6: warning: unused variable 'buzzerenable' [-Wunused-variable]
  int buzzerenable=1,buzzer=0,fire=0,smoke=0,gas=0,human=0;
      ^~~~~~~~~~~~
'Finished building: ../src/main.c'
' '
'Building target: ebaz.elf'
'Invoking: ARM v7 gcc linker'
arm-none-eabi-gcc -mcpu=cortex-a9 -mfpu=vfpv3 -mfloat-abi=hard -Wl,-build-id=none -specs=Xilinx.spec -Wl,-T -Wl,../src/lscript.ld -L../../ebaz_bsp/ps7_cortexa9_0/lib -o "ebaz.elf"  ./src/dht11.o ./src/led.o ./src/ledfont.o ./src/main.o   -Wl,--start-group,-lxil,-lgcc,-lc,--end-group
./src/dht11.o: In function `DHT11_Read_Data':
D:\workspace\xilinx\ebaz\ebaz.sdk\ebaz\Debug/../src/dht11.c:80: undefined reference to `temi'
D:\workspace\xilinx\ebaz\ebaz.sdk\ebaz\Debug/../src/dht11.c:80: undefined reference to `temi'
D:\workspace\xilinx\ebaz\ebaz.sdk\ebaz\Debug/../src/dht11.c:81: undefined reference to `temf'
D:\workspace\xilinx\ebaz\ebaz.sdk\ebaz\Debug/../src/dht11.c:81: undefined reference to `temf'
D:\workspace\xilinx\ebaz\ebaz.sdk\ebaz\Debug/../src/dht11.c:82: undefined reference to `weti'
D:\workspace\xilinx\ebaz\ebaz.sdk\ebaz\Debug/../src/dht11.c:82: undefined reference to `weti'
D:\workspace\xilinx\ebaz\ebaz.sdk\ebaz\Debug/../src/dht11.c:83: undefined reference to `wetf'
D:\workspace\xilinx\ebaz\ebaz.sdk\ebaz\Debug/../src/dht11.c:83: undefined reference to `wetf'
./src/main.o: In function `main':
D:\workspace\xilinx\ebaz\ebaz.sdk\ebaz\Debug/../src/main.c:52: undefined reference to `temi'
D:\workspace\xilinx\ebaz\ebaz.sdk\ebaz\Debug/../src/main.c:52: undefined reference to `temi'
D:\workspace\xilinx\ebaz\ebaz.sdk\ebaz\Debug/../src/main.c:52: undefined reference to `temf'
D:\workspace\xilinx\ebaz\ebaz.sdk\ebaz\Debug/../src/main.c:52: undefined reference to `temf'
D:\workspace\xilinx\ebaz\ebaz.sdk\ebaz\Debug/../src/main.c:53: undefined reference to `weti'
D:\workspace\xilinx\ebaz\ebaz.sdk\ebaz\Debug/../src/main.c:53: undefined reference to `weti'
D:\workspace\xilinx\ebaz\ebaz.sdk\ebaz\Debug/../src/main.c:53: undefined reference to `wetf'
D:\workspace\xilinx\ebaz\ebaz.sdk\ebaz\Debug/../src/main.c:53: undefined reference to `wetf'
collect2.exe: error: ld returned 1 exit status
make: *** [makefile:41: ebaz.elf] Error 1
22:35:42 **** Auto Build of configuration Debug for project ebaz ****
make pre-build main-build 
a9-linaro-pre-build-step
' '
'Building file: ../src/dht11.c'
'Invoking: ARM v7 gcc compiler'
arm-none-eabi-gcc -Wall -O0 -g3 -c -fmessage-length=0 -MT"src/dht11.o" -mcpu=cortex-a9 -mfpu=vfpv3 -mfloat-abi=hard -I../../ebaz_bsp/ps7_cortexa9_0/include -MMD -MP -MF"src/dht11.d" -MT"src/dht11.o" -o "src/dht11.o" "../src/dht11.c"
'Finished building: ../src/dht11.c'
' '
'Building target: ebaz.elf'
'Invoking: ARM v7 gcc linker'
arm-none-eabi-gcc -mcpu=cortex-a9 -mfpu=vfpv3 -mfloat-abi=hard -Wl,-build-id=none -specs=Xilinx.spec -Wl,-T -Wl,../src/lscript.ld -L../../ebaz_bsp/ps7_cortexa9_0/lib -o "ebaz.elf"  ./src/dht11.o ./src/led.o ./src/ledfont.o ./src/main.o   -Wl,--start-group,-lxil,-lgcc,-lc,--end-group
./src/dht11.o: In function `dht11_init':
D:\workspace\xilinx\ebaz\ebaz.sdk\ebaz\Debug/../src/dht11.c:15: undefined reference to `temi'
D:\workspace\xilinx\ebaz\ebaz.sdk\ebaz\Debug/../src/dht11.c:15: undefined reference to `temi'
D:\workspace\xilinx\ebaz\ebaz.sdk\ebaz\Debug/../src/dht11.c:16: undefined reference to `temf'
D:\workspace\xilinx\ebaz\ebaz.sdk\ebaz\Debug/../src/dht11.c:16: undefined reference to `temf'
D:\workspace\xilinx\ebaz\ebaz.sdk\ebaz\Debug/../src/dht11.c:17: undefined reference to `weti'
D:\workspace\xilinx\ebaz\ebaz.sdk\ebaz\Debug/../src/dht11.c:17: undefined reference to `weti'
D:\workspace\xilinx\ebaz\ebaz.sdk\ebaz\Debug/../src/dht11.c:18: undefined reference to `wetf'
D:\workspace\xilinx\ebaz\ebaz.sdk\ebaz\Debug/../src/dht11.c:18: undefined reference to `wetf'
./src/dht11.o: In function `DHT11_Read_Data':
D:\workspace\xilinx\ebaz\ebaz.sdk\ebaz\Debug/../src/dht11.c:84: undefined reference to `temi'
D:\workspace\xilinx\ebaz\ebaz.sdk\ebaz\Debug/../src/dht11.c:84: undefined reference to `temi'
D:\workspace\xilinx\ebaz\ebaz.sdk\ebaz\Debug/../src/dht11.c:85: undefined reference to `temf'
D:\workspace\xilinx\ebaz\ebaz.sdk\ebaz\Debug/../src/dht11.c:85: undefined reference to `temf'
D:\workspace\xilinx\ebaz\ebaz.sdk\ebaz\Debug/../src/dht11.c:86: undefined reference to `weti'
D:\workspace\xilinx\ebaz\ebaz.sdk\ebaz\Debug/../src/dht11.c:86: undefined reference to `weti'
D:\workspace\xilinx\ebaz\ebaz.sdk\ebaz\Debug/../src/dht11.c:87: undefined reference to `wetf'
D:\workspace\xilinx\ebaz\ebaz.sdk\ebaz\Debug/../src/dht11.c:87: undefined reference to `wetf'
./src/main.o: In function `main':
D:\workspace\xilinx\ebaz\ebaz.sdk\ebaz\Debug/../src/main.c:52: undefined reference to `temi'
D:\workspace\xilinx\ebaz\ebaz.sdk\ebaz\Debug/../src/main.c:52: undefined reference to `temi'
D:\workspace\xilinx\ebaz\ebaz.sdk\ebaz\Debug/../src/main.c:52: undefined reference to `temf'
D:\workspace\xilinx\ebaz\ebaz.sdk\ebaz\Debug/../src/main.c:52: undefined reference to `temf'
D:\workspace\xilinx\ebaz\ebaz.sdk\ebaz\Debug/../src/main.c:53: undefined reference to `weti'
D:\workspace\xilinx\ebaz\ebaz.sdk\ebaz\Debug/../src/main.c:53: undefined reference to `weti'
D:\workspace\xilinx\ebaz\ebaz.sdk\ebaz\Debug/../src/main.c:53: undefined reference to `wetf'
D:\workspace\xilinx\ebaz\ebaz.sdk\ebaz\Debug/../src/main.c:53: undefined reference to `wetf'
collect2.exe: error: ld returned 1 exit status
make: *** [makefile:41: ebaz.elf] Error 1
22:36:30 **** Auto Build of configuration Debug for project ebaz ****
make pre-build main-build 
a9-linaro-pre-build-step
' '
'Building file: ../src/dht11.c'
'Invoking: ARM v7 gcc compiler'
arm-none-eabi-gcc -Wall -O0 -g3 -c -fmessage-length=0 -MT"src/dht11.o" -mcpu=cortex-a9 -mfpu=vfpv3 -mfloat-abi=hard -I../../ebaz_bsp/ps7_cortexa9_0/include -MMD -MP -MF"src/dht11.d" -MT"src/dht11.o" -o "src/dht11.o" "../src/dht11.c"
../src/dht11.c:11:1: warning: data definition has no type or storage class
 temi=0;
 ^~~~
../src/dht11.c:11:1: warning: type defaults to 'int' in declaration of 'temi' [-Wimplicit-int]
../src/dht11.c:12:1: warning: data definition has no type or storage class
 temf=0;
 ^~~~
../src/dht11.c:12:1: warning: type defaults to 'int' in declaration of 'temf' [-Wimplicit-int]
../src/dht11.c:13:1: warning: data definition has no type or storage class
 weti=0;
 ^~~~
../src/dht11.c:13:1: warning: type defaults to 'int' in declaration of 'weti' [-Wimplicit-int]
../src/dht11.c:14:1: warning: data definition has no type or storage class
 wetf=0;
 ^~~~
../src/dht11.c:14:1: warning: type defaults to 'int' in declaration of 'wetf' [-Wimplicit-int]
'Finished building: ../src/dht11.c'
' '
'Building target: ebaz.elf'
'Invoking: ARM v7 gcc linker'
arm-none-eabi-gcc -mcpu=cortex-a9 -mfpu=vfpv3 -mfloat-abi=hard -Wl,-build-id=none -specs=Xilinx.spec -Wl,-T -Wl,../src/lscript.ld -L../../ebaz_bsp/ps7_cortexa9_0/lib -o "ebaz.elf"  ./src/dht11.o ./src/led.o ./src/ledfont.o ./src/main.o   -Wl,--start-group,-lxil,-lgcc,-lc,--end-group
'Finished building target: ebaz.elf'
' '
'Invoking: ARM v7 Print Size'
arm-none-eabi-size ebaz.elf  |tee "ebaz.elf.size"
   text	   data	    bss	    dec	    hex	filename
  62948	   1184	  22696	  86828	  1532c	ebaz.elf
'Finished building: ebaz.elf.size'
' '
22:36:56 **** Auto Build of configuration Debug for project ebaz ****
make pre-build main-build 
a9-linaro-pre-build-step
' '
'Building file: ../src/dht11.c'
'Invoking: ARM v7 gcc compiler'
arm-none-eabi-gcc -Wall -O0 -g3 -c -fmessage-length=0 -MT"src/dht11.o" -mcpu=cortex-a9 -mfpu=vfpv3 -mfloat-abi=hard -I../../ebaz_bsp/ps7_cortexa9_0/include -MMD -MP -MF"src/dht11.d" -MT"src/dht11.o" -o "src/dht11.o" "../src/dht11.c"
'Finished building: ../src/dht11.c'
' '
'Building target: ebaz.elf'
'Invoking: ARM v7 gcc linker'
arm-none-eabi-gcc -mcpu=cortex-a9 -mfpu=vfpv3 -mfloat-abi=hard -Wl,-build-id=none -specs=Xilinx.spec -Wl,-T -Wl,../src/lscript.ld -L../../ebaz_bsp/ps7_cortexa9_0/lib -o "ebaz.elf"  ./src/dht11.o ./src/led.o ./src/ledfont.o ./src/main.o   -Wl,--start-group,-lxil,-lgcc,-lc,--end-group
'Finished building target: ebaz.elf'
' '
'Invoking: ARM v7 Print Size'
arm-none-eabi-size ebaz.elf  |tee "ebaz.elf.size"
   text	   data	    bss	    dec	    hex	filename
  62948	   1184	  22696	  86828	  1532c	ebaz.elf
'Finished building: ebaz.elf.size'
' '
22:37:48 **** Incremental Build of configuration Debug for project ebaz ****
make pre-build main-build 
a9-linaro-pre-build-step
' '
make: Nothing to be done for 'main-build'.
22:39:17 **** Auto Build of configuration Debug for project ebaz ****
make pre-build main-build 
a9-linaro-pre-build-step
' '
'Building file: ../src/dht11.c'
'Invoking: ARM v7 gcc compiler'
arm-none-eabi-gcc -Wall -O0 -g3 -c -fmessage-length=0 -MT"src/dht11.o" -mcpu=cortex-a9 -mfpu=vfpv3 -mfloat-abi=hard -I../../ebaz_bsp/ps7_cortexa9_0/include -MMD -MP -MF"src/dht11.d" -MT"src/dht11.o" -o "src/dht11.o" "../src/dht11.c"
'Finished building: ../src/dht11.c'
' '
'Building target: ebaz.elf'
'Invoking: ARM v7 gcc linker'
arm-none-eabi-gcc -mcpu=cortex-a9 -mfpu=vfpv3 -mfloat-abi=hard -Wl,-build-id=none -specs=Xilinx.spec -Wl,-T -Wl,../src/lscript.ld -L../../ebaz_bsp/ps7_cortexa9_0/lib -o "ebaz.elf"  ./src/dht11.o ./src/led.o ./src/ledfont.o ./src/main.o   -Wl,--start-group,-lxil,-lgcc,-lc,--end-group
'Finished building target: ebaz.elf'
' '
'Invoking: ARM v7 Print Size'
arm-none-eabi-size ebaz.elf  |tee "ebaz.elf.size"
   text	   data	    bss	    dec	    hex	filename
  62948	   1184	  22696	  86828	  1532c	ebaz.elf
'Finished building: ebaz.elf.size'
' '
22:39:40 **** Incremental Build of configuration Debug for project ebaz ****
make pre-build main-build 
a9-linaro-pre-build-step
' '
make: Nothing to be done for 'main-build'.
22:40:07 **** Incremental Build of configuration Debug for project ebaz ****
make pre-build main-build 
a9-linaro-pre-build-step
' '
make: Nothing to be done for 'main-build'.
22:42:04 **** Incremental Build of configuration Debug for project ebaz ****
make pre-build main-build 
a9-linaro-pre-build-step
' '
make: Nothing to be done for 'main-build'.
22:50:00 **** Auto Build of configuration Debug for project ebaz ****
make pre-build main-build 
a9-linaro-pre-build-step
' '
'Building file: ../src/dht11.c'
'Invoking: ARM v7 gcc compiler'
arm-none-eabi-gcc -Wall -O0 -g3 -c -fmessage-length=0 -MT"src/dht11.o" -mcpu=cortex-a9 -mfpu=vfpv3 -mfloat-abi=hard -I../../ebaz_bsp/ps7_cortexa9_0/include -MMD -MP -MF"src/dht11.d" -MT"src/dht11.o" -o "src/dht11.o" "../src/dht11.c"
../src/dht11.c: In function 'DHT11_Read_Data':
../src/dht11.c:71:5: warning: unused variable 'i' [-Wunused-variable]
  u8 i;
     ^
../src/dht11.c:70:6: warning: unused variable 'buf' [-Wunused-variable]
   u8 buf[5];
      ^~~
'Finished building: ../src/dht11.c'
' '
'Building target: ebaz.elf'
'Invoking: ARM v7 gcc linker'
arm-none-eabi-gcc -mcpu=cortex-a9 -mfpu=vfpv3 -mfloat-abi=hard -Wl,-build-id=none -specs=Xilinx.spec -Wl,-T -Wl,../src/lscript.ld -L../../ebaz_bsp/ps7_cortexa9_0/lib -o "ebaz.elf"  ./src/dht11.o ./src/led.o ./src/ledfont.o ./src/main.o   -Wl,--start-group,-lxil,-lgcc,-lc,--end-group
'Finished building target: ebaz.elf'
' '
'Invoking: ARM v7 Print Size'
arm-none-eabi-size ebaz.elf  |tee "ebaz.elf.size"
   text	   data	    bss	    dec	    hex	filename
  62828	   1184	  22696	  86708	  152b4	ebaz.elf
'Finished building: ebaz.elf.size'
' '
22:50:33 **** Incremental Build of configuration Debug for project ebaz ****
make pre-build main-build 
a9-linaro-pre-build-step
' '
make: Nothing to be done for 'main-build'.
22:52:08 **** Auto Build of configuration Debug for project ebaz ****
make pre-build main-build 
a9-linaro-pre-build-step
' '
'Building file: ../src/dht11.c'
'Invoking: ARM v7 gcc compiler'
arm-none-eabi-gcc -Wall -O0 -g3 -c -fmessage-length=0 -MT"src/dht11.o" -mcpu=cortex-a9 -mfpu=vfpv3 -mfloat-abi=hard -I../../ebaz_bsp/ps7_cortexa9_0/include -MMD -MP -MF"src/dht11.d" -MT"src/dht11.o" -o "src/dht11.o" "../src/dht11.c"
'Finished building: ../src/dht11.c'
' '
'Building target: ebaz.elf'
'Invoking: ARM v7 gcc linker'
arm-none-eabi-gcc -mcpu=cortex-a9 -mfpu=vfpv3 -mfloat-abi=hard -Wl,-build-id=none -specs=Xilinx.spec -Wl,-T -Wl,../src/lscript.ld -L../../ebaz_bsp/ps7_cortexa9_0/lib -o "ebaz.elf"  ./src/dht11.o ./src/led.o ./src/ledfont.o ./src/main.o   -Wl,--start-group,-lxil,-lgcc,-lc,--end-group
'Finished building target: ebaz.elf'
' '
'Invoking: ARM v7 Print Size'
arm-none-eabi-size ebaz.elf  |tee "ebaz.elf.size"
   text	   data	    bss	    dec	    hex	filename
  62948	   1184	  22696	  86828	  1532c	ebaz.elf
'Finished building: ebaz.elf.size'
' '
22:52:17 **** Incremental Build of configuration Debug for project ebaz ****
make pre-build main-build 
a9-linaro-pre-build-step
' '
make: Nothing to be done for 'main-build'.
22:52:31 **** Incremental Build of configuration Debug for project ebaz ****
make pre-build main-build 
a9-linaro-pre-build-step
' '
make: Nothing to be done for 'main-build'.
22:52:50 **** Incremental Build of configuration Debug for project ebaz ****
make pre-build main-build 
a9-linaro-pre-build-step
' '
make: Nothing to be done for 'main-build'.
22:57:44 **** Auto Build of configuration Debug for project ebaz ****
make pre-build main-build 
a9-linaro-pre-build-step
' '
'Building file: ../src/main.c'
'Invoking: ARM v7 gcc compiler'
arm-none-eabi-gcc -Wall -O0 -g3 -c -fmessage-length=0 -MT"src/main.o" -mcpu=cortex-a9 -mfpu=vfpv3 -mfloat-abi=hard -I../../ebaz_bsp/ps7_cortexa9_0/include -MMD -MP -MF"src/main.d" -MT"src/main.o" -o "src/main.o" "../src/main.c"
../src/main.c: In function 'main':
../src/main.c:31:51: warning: unused variable 'human' [-Wunused-variable]
  int buzzerenable=1,buzzer=0,fire=0,smoke=0,gas=0,human=0;
                                                   ^~~~~
../src/main.c:31:45: warning: unused variable 'gas' [-Wunused-variable]
  int buzzerenable=1,buzzer=0,fire=0,smoke=0,gas=0,human=0;
                                             ^~~
../src/main.c:31:37: warning: unused variable 'smoke' [-Wunused-variable]
  int buzzerenable=1,buzzer=0,fire=0,smoke=0,gas=0,human=0;
                                     ^~~~~
../src/main.c:31:30: warning: unused variable 'fire' [-Wunused-variable]
  int buzzerenable=1,buzzer=0,fire=0,smoke=0,gas=0,human=0;
                              ^~~~
../src/main.c:31:21: warning: unused variable 'buzzer' [-Wunused-variable]
  int buzzerenable=1,buzzer=0,fire=0,smoke=0,gas=0,human=0;
                     ^~~~~~
../src/main.c:31:6: warning: unused variable 'buzzerenable' [-Wunused-variable]
  int buzzerenable=1,buzzer=0,fire=0,smoke=0,gas=0,human=0;
      ^~~~~~~~~~~~
'Finished building: ../src/main.c'
' '
'Building target: ebaz.elf'
'Invoking: ARM v7 gcc linker'
arm-none-eabi-gcc -mcpu=cortex-a9 -mfpu=vfpv3 -mfloat-abi=hard -Wl,-build-id=none -specs=Xilinx.spec -Wl,-T -Wl,../src/lscript.ld -L../../ebaz_bsp/ps7_cortexa9_0/lib -o "ebaz.elf"  ./src/dht11.o ./src/led.o ./src/ledfont.o ./src/main.o   -Wl,--start-group,-lxil,-lgcc,-lc,--end-group
'Finished building target: ebaz.elf'
' '
'Invoking: ARM v7 Print Size'
arm-none-eabi-size ebaz.elf  |tee "ebaz.elf.size"
   text	   data	    bss	    dec	    hex	filename
  62956	   1184	  22696	  86836	  15334	ebaz.elf
'Finished building: ebaz.elf.size'
' '
22:57:50 **** Incremental Build of configuration Debug for project ebaz ****
make pre-build main-build 
a9-linaro-pre-build-step
' '
make: Nothing to be done for 'main-build'.
22:59:54 **** Auto Build of configuration Debug for project ebaz ****
make pre-build main-build 
a9-linaro-pre-build-step
' '
'Building file: ../src/dht11.c'
'Invoking: ARM v7 gcc compiler'
arm-none-eabi-gcc -Wall -O0 -g3 -c -fmessage-length=0 -MT"src/dht11.o" -mcpu=cortex-a9 -mfpu=vfpv3 -mfloat-abi=hard -I../../ebaz_bsp/ps7_cortexa9_0/include -MMD -MP -MF"src/dht11.d" -MT"src/dht11.o" -o "src/dht11.o" "../src/dht11.c"
'Finished building: ../src/dht11.c'
' '
'Building target: ebaz.elf'
'Invoking: ARM v7 gcc linker'
arm-none-eabi-gcc -mcpu=cortex-a9 -mfpu=vfpv3 -mfloat-abi=hard -Wl,-build-id=none -specs=Xilinx.spec -Wl,-T -Wl,../src/lscript.ld -L../../ebaz_bsp/ps7_cortexa9_0/lib -o "ebaz.elf"  ./src/dht11.o ./src/led.o ./src/ledfont.o ./src/main.o   -Wl,--start-group,-lxil,-lgcc,-lc,--end-group
'Finished building target: ebaz.elf'
' '
'Invoking: ARM v7 Print Size'
arm-none-eabi-size ebaz.elf  |tee "ebaz.elf.size"
   text	   data	    bss	    dec	    hex	filename
  62956	   1184	  22696	  86836	  15334	ebaz.elf
'Finished building: ebaz.elf.size'
' '
23:00:03 **** Incremental Build of configuration Debug for project ebaz ****
make pre-build main-build 
a9-linaro-pre-build-step
' '
make: Nothing to be done for 'main-build'.
23:01:13 **** Auto Build of configuration Debug for project ebaz ****
make pre-build main-build 
a9-linaro-pre-build-step
' '
'Building file: ../src/dht11.c'
'Invoking: ARM v7 gcc compiler'
arm-none-eabi-gcc -Wall -O0 -g3 -c -fmessage-length=0 -MT"src/dht11.o" -mcpu=cortex-a9 -mfpu=vfpv3 -mfloat-abi=hard -I../../ebaz_bsp/ps7_cortexa9_0/include -MMD -MP -MF"src/dht11.d" -MT"src/dht11.o" -o "src/dht11.o" "../src/dht11.c"
'Finished building: ../src/dht11.c'
' '
'Building target: ebaz.elf'
'Invoking: ARM v7 gcc linker'
arm-none-eabi-gcc -mcpu=cortex-a9 -mfpu=vfpv3 -mfloat-abi=hard -Wl,-build-id=none -specs=Xilinx.spec -Wl,-T -Wl,../src/lscript.ld -L../../ebaz_bsp/ps7_cortexa9_0/lib -o "ebaz.elf"  ./src/dht11.o ./src/led.o ./src/ledfont.o ./src/main.o   -Wl,--start-group,-lxil,-lgcc,-lc,--end-group
'Finished building target: ebaz.elf'
' '
'Invoking: ARM v7 Print Size'
arm-none-eabi-size ebaz.elf  |tee "ebaz.elf.size"
   text	   data	    bss	    dec	    hex	filename
  62956	   1184	  22696	  86836	  15334	ebaz.elf
'Finished building: ebaz.elf.size'
' '
23:01:20 **** Incremental Build of configuration Debug for project ebaz ****
make pre-build main-build 
a9-linaro-pre-build-step
' '
make: Nothing to be done for 'main-build'.
23:03:05 **** Auto Build of configuration Debug for project ebaz ****
make pre-build main-build 
a9-linaro-pre-build-step
' '
'Building file: ../src/dht11.c'
'Invoking: ARM v7 gcc compiler'
arm-none-eabi-gcc -Wall -O0 -g3 -c -fmessage-length=0 -MT"src/dht11.o" -mcpu=cortex-a9 -mfpu=vfpv3 -mfloat-abi=hard -I../../ebaz_bsp/ps7_cortexa9_0/include -MMD -MP -MF"src/dht11.d" -MT"src/dht11.o" -o "src/dht11.o" "../src/dht11.c"
../src/dht11.c: In function 'DHT11_Check':
../src/dht11.c:28:3: warning: implicit declaration of function 'delay_us' [-Wimplicit-function-declaration]
   delay_us(1);
   ^~~~~~~~
'Finished building: ../src/dht11.c'
' '
'Building target: ebaz.elf'
'Invoking: ARM v7 gcc linker'
arm-none-eabi-gcc -mcpu=cortex-a9 -mfpu=vfpv3 -mfloat-abi=hard -Wl,-build-id=none -specs=Xilinx.spec -Wl,-T -Wl,../src/lscript.ld -L../../ebaz_bsp/ps7_cortexa9_0/lib -o "ebaz.elf"  ./src/dht11.o ./src/led.o ./src/ledfont.o ./src/main.o   -Wl,--start-group,-lxil,-lgcc,-lc,--end-group
./src/dht11.o: In function `DHT11_Check':
D:\workspace\xilinx\ebaz\ebaz.sdk\ebaz\Debug/../src/dht11.c:28: undefined reference to `delay_us'
D:\workspace\xilinx\ebaz\ebaz.sdk\ebaz\Debug/../src/dht11.c:35: undefined reference to `delay_us'
./src/dht11.o: In function `DHT11_Read_Bit':
D:\workspace\xilinx\ebaz\ebaz.sdk\ebaz\Debug/../src/dht11.c:45: undefined reference to `delay_us'
D:\workspace\xilinx\ebaz\ebaz.sdk\ebaz\Debug/../src/dht11.c:51: undefined reference to `delay_us'
D:\workspace\xilinx\ebaz\ebaz.sdk\ebaz\Debug/../src/dht11.c:53: undefined reference to `delay_us'
./src/dht11.o:D:\workspace\xilinx\ebaz\ebaz.sdk\ebaz\Debug/../src/dht11.c:74: more undefined references to `delay_us' follow
collect2.exe: error: ld returned 1 exit status
make: *** [makefile:41: ebaz.elf] Error 1
23:09:13 **** Auto Build of configuration Debug for project ebaz ****
make pre-build main-build 
a9-linaro-pre-build-step
' '
'Building file: ../src/dht11.c'
'Invoking: ARM v7 gcc compiler'
arm-none-eabi-gcc -Wall -O0 -g3 -c -fmessage-length=0 -MT"src/dht11.o" -mcpu=cortex-a9 -mfpu=vfpv3 -mfloat-abi=hard -I../../ebaz_bsp/ps7_cortexa9_0/include -MMD -MP -MF"src/dht11.d" -MT"src/dht11.o" -o "src/dht11.o" "../src/dht11.c"
'Finished building: ../src/dht11.c'
' '
'Building target: ebaz.elf'
'Invoking: ARM v7 gcc linker'
[...]
'Finished building target: fbsl.elf'
' '
'Invoking: ARM v7 Print Size'
arm-none-eabi-size fbsl.elf  |tee "fbsl.elf.size"
   text	   data	    bss	    dec	    hex	filename
  59752	   9736	  96016	 165504	  28680	fbsl.elf
'Finished building: fbsl.elf.size'
' '
12:06:38 **** Auto Build of project ebaz_bsp ****
make -k all 
"Running Make include in ps7_cortexa9_0/libsrc/coresightps_dcc_v1_4/src"
make -C ps7_cortexa9_0/libsrc/coresightps_dcc_v1_4/src -s include  "SHELL=CMD" "COMPILER=arm-none-eabi-gcc" "ARCHIVER=arm-none-eabi-ar" "COMPILER_FLAGS=  -O2 -c" "EXTRA_COMPILER_FLAGS=-mcpu=cortex-a9 -mfpu=vfpv3 -mfloat-abi=hard -nostartfiles -g -Wall -Wextra"
"Running Make include in ps7_cortexa9_0/libsrc/cpu_cortexa9_v2_7/src"
make -C ps7_cortexa9_0/libsrc/cpu_cortexa9_v2_7/src -s include  "SHELL=CMD" "COMPILER=arm-none-eabi-gcc" "ARCHIVER=arm-none-eabi-ar" "COMPILER_FLAGS=  -O2 -c" "EXTRA_COMPILER_FLAGS=-mcpu=cortex-a9 -mfpu=vfpv3 -mfloat-abi=hard -nostartfiles -g -Wall -Wextra"
"Running Make include in ps7_cortexa9_0/libsrc/ddrps_v1_0/src"
make -C ps7_cortexa9_0/libsrc/ddrps_v1_0/src -s include  "SHELL=CMD" "COMPILER=arm-none-eabi-gcc" "ARCHIVER=arm-none-eabi-ar" "COMPILER_FLAGS=  -O2 -c" "EXTRA_COMPILER_FLAGS=-mcpu=cortex-a9 -mfpu=vfpv3 -mfloat-abi=hard -nostartfiles -g -Wall -Wextra"
"Running Make include in ps7_cortexa9_0/libsrc/devcfg_v3_5/src"
make -C ps7_cortexa9_0/libsrc/devcfg_v3_5/src -s include  "SHELL=CMD" "COMPILER=arm-none-eabi-gcc" "ARCHIVER=arm-none-eabi-ar" "COMPILER_FLAGS=  -O2 -c" "EXTRA_COMPILER_FLAGS=-mcpu=cortex-a9 -mfpu=vfpv3 -mfloat-abi=hard -nostartfiles -g -Wall -Wextra"
"Running Make include in ps7_cortexa9_0/libsrc/dmaps_v2_4/src"
make -C ps7_cortexa9_0/libsrc/dmaps_v2_4/src -s include  "SHELL=CMD" "COMPILER=arm-none-eabi-gcc" "ARCHIVER=arm-none-eabi-ar" "COMPILER_FLAGS=  -O2 -c" "EXTRA_COMPILER_FLAGS=-mcpu=cortex-a9 -mfpu=vfpv3 -mfloat-abi=hard -nostartfiles -g -Wall -Wextra"
"Running Make include in ps7_cortexa9_0/libsrc/gpiops_v3_4/src"
make -C ps7_cortexa9_0/libsrc/gpiops_v3_4/src -s include  "SHELL=CMD" "COMPILER=arm-none-eabi-gcc" "ARCHIVER=arm-none-eabi-ar" "COMPILER_FLAGS=  -O2 -c" "EXTRA_COMPILER_FLAGS=-mcpu=cortex-a9 -mfpu=vfpv3 -mfloat-abi=hard -nostartfiles -g -Wall -Wextra"
"Running Make include in ps7_cortexa9_0/libsrc/gpio_v4_3/src"
make -C ps7_cortexa9_0/libsrc/gpio_v4_3/src -s include  "SHELL=CMD" "COMPILER=arm-none-eabi-gcc" "ARCHIVER=arm-none-eabi-ar" "COMPILER_FLAGS=  -O2 -c" "EXTRA_COMPILER_FLAGS=-mcpu=cortex-a9 -mfpu=vfpv3 -mfloat-abi=hard -nostartfiles -g -Wall -Wextra"
"Running Make include in ps7_cortexa9_0/libsrc/iicps_v3_8/src"
make -C ps7_cortexa9_0/libsrc/iicps_v3_8/src -s include  "SHELL=CMD" "COMPILER=arm-none-eabi-gcc" "ARCHIVER=arm-none-eabi-ar" "COMPILER_FLAGS=  -O2 -c" "EXTRA_COMPILER_FLAGS=-mcpu=cortex-a9 -mfpu=vfpv3 -mfloat-abi=hard -nostartfiles -g -Wall -Wextra"
"Running Make include in ps7_cortexa9_0/libsrc/nandps_v2_4/src"
make -C ps7_cortexa9_0/libsrc/nandps_v2_4/src -s include  "SHELL=CMD" "COMPILER=arm-none-eabi-gcc" "ARCHIVER=arm-none-eabi-ar" "COMPILER_FLAGS=  -O2 -c" "EXTRA_COMPILER_FLAGS=-mcpu=cortex-a9 -mfpu=vfpv3 -mfloat-abi=hard -nostartfiles -g -Wall -Wextra"
"Running Make include in ps7_cortexa9_0/libsrc/scugic_v3_10/src"
make -C ps7_cortexa9_0/libsrc/scugic_v3_10/src -s include  "SHELL=CMD" "COMPILER=arm-none-eabi-gcc" "ARCHIVER=arm-none-eabi-ar" "COMPILER_FLAGS=  -O2 -c" "EXTRA_COMPILER_FLAGS=-mcpu=cortex-a9 -mfpu=vfpv3 -mfloat-abi=hard -nostartfiles -g -Wall -Wextra"
"Running Make include in ps7_cortexa9_0/libsrc/scutimer_v2_1/src"
make -C ps7_cortexa9_0/libsrc/scutimer_v2_1/src -s include  "SHELL=CMD" "COMPILER=arm-none-eabi-gcc" "ARCHIVER=arm-none-eabi-ar" "COMPILER_FLAGS=  -O2 -c" "EXTRA_COMPILER_FLAGS=-mcpu=cortex-a9 -mfpu=vfpv3 -mfloat-abi=hard -nostartfiles -g -Wall -Wextra"
"Running Make include in ps7_cortexa9_0/libsrc/scuwdt_v2_1/src"
make -C ps7_cortexa9_0/libsrc/scuwdt_v2_1/src -s include  "SHELL=CMD" "COMPILER=arm-none-eabi-gcc" "ARCHIVER=arm-none-eabi-ar" "COMPILER_FLAGS=  -O2 -c" "EXTRA_COMPILER_FLAGS=-mcpu=cortex-a9 -mfpu=vfpv3 -mfloat-abi=hard -nostartfiles -g -Wall -Wextra"
"Running Make include in ps7_cortexa9_0/libsrc/spips_v3_1/src"
make -C ps7_cortexa9_0/libsrc/spips_v3_1/src -s include  "SHELL=CMD" "COMPILER=arm-none-eabi-gcc" "ARCHIVER=arm-none-eabi-ar" "COMPILER_FLAGS=  -O2 -c" "EXTRA_COMPILER_FLAGS=-mcpu=cortex-a9 -mfpu=vfpv3 -mfloat-abi=hard -nostartfiles -g -Wall -Wextra"
"Running Make include in ps7_cortexa9_0/libsrc/standalone_v6_8/src"
make -C ps7_cortexa9_0/libsrc/standalone_v6_8/src -s include  "SHELL=CMD" "COMPILER=arm-none-eabi-gcc" "ARCHIVER=arm-none-eabi-ar" "COMPILER_FLAGS=  -O2 -c" "EXTRA_COMPILER_FLAGS=-mcpu=cortex-a9 -mfpu=vfpv3 -mfloat-abi=hard -nostartfiles -g -Wall -Wextra"
"Running Make include in ps7_cortexa9_0/libsrc/uartps_v3_7/src"
make -C ps7_cortexa9_0/libsrc/uartps_v3_7/src -s include  "SHELL=CMD" "COMPILER=arm-none-eabi-gcc" "ARCHIVER=arm-none-eabi-ar" "COMPILER_FLAGS=  -O2 -c" "EXTRA_COMPILER_FLAGS=-mcpu=cortex-a9 -mfpu=vfpv3 -mfloat-abi=hard -nostartfiles -g -Wall -Wextra"
"Running Make include in ps7_cortexa9_0/libsrc/xadcps_v2_3/src"
make -C ps7_cortexa9_0/libsrc/xadcps_v2_3/src -s include  "SHELL=CMD" "COMPILER=arm-none-eabi-gcc" "ARCHIVER=arm-none-eabi-ar" "COMPILER_FLAGS=  -O2 -c" "EXTRA_COMPILER_FLAGS=-mcpu=cortex-a9 -mfpu=vfpv3 -mfloat-abi=hard -nostartfiles -g -Wall -Wextra"
"Running Make libs in ps7_cortexa9_0/libsrc/coresightps_dcc_v1_4/src"
make -C ps7_cortexa9_0/libsrc/coresightps_dcc_v1_4/src -s libs  "SHELL=CMD" "COMPILER=arm-none-eabi-gcc" "ARCHIVER=arm-none-eabi-ar" "COMPILER_FLAGS=  -O2 -c" "EXTRA_COMPILER_FLAGS=-mcpu=cortex-a9 -mfpu=vfpv3 -mfloat-abi=hard -nostartfiles -g -Wall -Wextra"
"Compiling coresightps_dcc"
arm-none-eabi-ar: creating ../../../lib/libxil.a
"Running Make libs in ps7_cortexa9_0/libsrc/cpu_cortexa9_v2_7/src"
make -C ps7_cortexa9_0/libsrc/cpu_cortexa9_v2_7/src -s libs  "SHELL=CMD" "COMPILER=arm-none-eabi-gcc" "ARCHIVER=arm-none-eabi-ar" "COMPILER_FLAGS=  -O2 -c" "EXTRA_COMPILER_FLAGS=-mcpu=cortex-a9 -mfpu=vfpv3 -mfloat-abi=hard -nostartfiles -g -Wall -Wextra"
"Compiling cpu_cortexa9"
"Running Make libs in ps7_cortexa9_0/libsrc/ddrps_v1_0/src"
make -C ps7_cortexa9_0/libsrc/ddrps_v1_0/src -s libs  "SHELL=CMD" "COMPILER=arm-none-eabi-gcc" "ARCHIVER=arm-none-eabi-ar" "COMPILER_FLAGS=  -O2 -c" "EXTRA_COMPILER_FLAGS=-mcpu=cortex-a9 -mfpu=vfpv3 -mfloat-abi=hard -nostartfiles -g -Wall -Wextra"
"Compiling ddrps"
"Running Make libs in ps7_cortexa9_0/libsrc/devcfg_v3_5/src"
make -C ps7_cortexa9_0/libsrc/devcfg_v3_5/src -s libs  "SHELL=CMD" "COMPILER=arm-none-eabi-gcc" "ARCHIVER=arm-none-eabi-ar" "COMPILER_FLAGS=  -O2 -c" "EXTRA_COMPILER_FLAGS=-mcpu=cortex-a9 -mfpu=vfpv3 -mfloat-abi=hard -nostartfiles -g -Wall -Wextra"
"Compiling devcfg"
"Running Make libs in ps7_cortexa9_0/libsrc/dmaps_v2_4/src"
make -C ps7_cortexa9_0/libsrc/dmaps_v2_4/src -s libs  "SHELL=CMD" "COMPILER=arm-none-eabi-gcc" "ARCHIVER=arm-none-eabi-ar" "COMPILER_FLAGS=  -O2 -c" "EXTRA_COMPILER_FLAGS=-mcpu=cortex-a9 -mfpu=vfpv3 -mfloat-abi=hard -nostartfiles -g -Wall -Wextra"
"Compiling dmaps"
"Running Make libs in ps7_cortexa9_0/libsrc/gpiops_v3_4/src"
make -C ps7_cortexa9_0/libsrc/gpiops_v3_4/src -s libs  "SHELL=CMD" "COMPILER=arm-none-eabi-gcc" "ARCHIVER=arm-none-eabi-ar" "COMPILER_FLAGS=  -O2 -c" "EXTRA_COMPILER_FLAGS=-mcpu=cortex-a9 -mfpu=vfpv3 -mfloat-abi=hard -nostartfiles -g -Wall -Wextra"
"Compiling gpiops"
"Running Make libs in ps7_cortexa9_0/libsrc/gpio_v4_3/src"
make -C ps7_cortexa9_0/libsrc/gpio_v4_3/src -s libs  "SHELL=CMD" "COMPILER=arm-none-eabi-gcc" "ARCHIVER=arm-none-eabi-ar" "COMPILER_FLAGS=  -O2 -c" "EXTRA_COMPILER_FLAGS=-mcpu=cortex-a9 -mfpu=vfpv3 -mfloat-abi=hard -nostartfiles -g -Wall -Wextra"
"Compiling gpio"
"Running Make libs in ps7_cortexa9_0/libsrc/iicps_v3_8/src"
make -C ps7_cortexa9_0/libsrc/iicps_v3_8/src -s libs  "SHELL=CMD" "COMPILER=arm-none-eabi-gcc" "ARCHIVER=arm-none-eabi-ar" "COMPILER_FLAGS=  -O2 -c" "EXTRA_COMPILER_FLAGS=-mcpu=cortex-a9 -mfpu=vfpv3 -mfloat-abi=hard -nostartfiles -g -Wall -Wextra"
"Compiling iicps"
"Running Make libs in ps7_cortexa9_0/libsrc/nandps_v2_4/src"
make -C ps7_cortexa9_0/libsrc/nandps_v2_4/src -s libs  "SHELL=CMD" "COMPILER=arm-none-eabi-gcc" "ARCHIVER=arm-none-eabi-ar" "COMPILER_FLAGS=  -O2 -c" "EXTRA_COMPILER_FLAGS=-mcpu=cortex-a9 -mfpu=vfpv3 -mfloat-abi=hard -nostartfiles -g -Wall -Wextra"
"Compiling nandps"
"Running Make libs in ps7_cortexa9_0/libsrc/scugic_v3_10/src"
make -C ps7_cortexa9_0/libsrc/scugic_v3_10/src -s libs  "SHELL=CMD" "COMPILER=arm-none-eabi-gcc" "ARCHIVER=arm-none-eabi-ar" "COMPILER_FLAGS=  -O2 -c" "EXTRA_COMPILER_FLAGS=-mcpu=cortex-a9 -mfpu=vfpv3 -mfloat-abi=hard -nostartfiles -g -Wall -Wextra"
"Compiling scugic"
"Running Make libs in ps7_cortexa9_0/libsrc/scutimer_v2_1/src"
make -C ps7_cortexa9_0/libsrc/scutimer_v2_1/src -s libs  "SHELL=CMD" "COMPILER=arm-none-eabi-gcc" "ARCHIVER=arm-none-eabi-ar" "COMPILER_FLAGS=  -O2 -c" "EXTRA_COMPILER_FLAGS=-mcpu=cortex-a9 -mfpu=vfpv3 -mfloat-abi=hard -nostartfiles -g -Wall -Wextra"
"Compiling scutimer"
"Running Make libs in ps7_cortexa9_0/libsrc/scuwdt_v2_1/src"
make -C ps7_cortexa9_0/libsrc/scuwdt_v2_1/src -s libs  "SHELL=CMD" "COMPILER=arm-none-eabi-gcc" "ARCHIVER=arm-none-eabi-ar" "COMPILER_FLAGS=  -O2 -c" "EXTRA_COMPILER_FLAGS=-mcpu=cortex-a9 -mfpu=vfpv3 -mfloat-abi=hard -nostartfiles -g -Wall -Wextra"
"Compiling scuwdt"
"Running Make libs in ps7_cortexa9_0/libsrc/spips_v3_1/src"
make -C ps7_cortexa9_0/libsrc/spips_v3_1/src -s libs  "SHELL=CMD" "COMPILER=arm-none-eabi-gcc" "ARCHIVER=arm-none-eabi-ar" "COMPILER_FLAGS=  -O2 -c" "EXTRA_COMPILER_FLAGS=-mcpu=cortex-a9 -mfpu=vfpv3 -mfloat-abi=hard -nostartfiles -g -Wall -Wextra"
"Compiling spips"
"Running Make libs in ps7_cortexa9_0/libsrc/standalone_v6_8/src"
make -C ps7_cortexa9_0/libsrc/standalone_v6_8/src -s libs  "SHELL=CMD" "COMPILER=arm-none-eabi-gcc" "ARCHIVER=arm-none-eabi-ar" "COMPILER_FLAGS=  -O2 -c" "EXTRA_COMPILER_FLAGS=-mcpu=cortex-a9 -mfpu=vfpv3 -mfloat-abi=hard -nostartfiles -g -Wall -Wextra"
"Compiling standalone"
In file included from usleep.c:56:0:
xtime_l.h:87:9: note: #pragma message: For the sleep routines, Global timer is being used
 #pragma message ("For the sleep routines, Global timer is being used")
         ^~~~~~~
In file included from xil_sleeptimer.c:51:0:
xtime_l.h:87:9: note: #pragma message: For the sleep routines, Global timer is being used
 #pragma message ("For the sleep routines, Global timer is being used")
         ^~~~~~~
In file included from xtime_l.c:49:0:
xtime_l.h:87:9: note: #pragma message: For the sleep routines, Global timer is being used
 #pragma message ("For the sleep routines, Global timer is being used")
         ^~~~~~~
In file included from sleep.c:53:0:
xtime_l.h:87:9: note: #pragma message: For the sleep routines, Global timer is being used
 #pragma message ("For the sleep routines, Global timer is being used")
         ^~~~~~~
"Running Make libs in ps7_cortexa9_0/libsrc/uartps_v3_7/src"
make -C ps7_cortexa9_0/libsrc/uartps_v3_7/src -s libs  "SHELL=CMD" "COMPILER=arm-none-eabi-gcc" "ARCHIVER=arm-none-eabi-ar" "COMPILER_FLAGS=  -O2 -c" "EXTRA_COMPILER_FLAGS=-mcpu=cortex-a9 -mfpu=vfpv3 -mfloat-abi=hard -nostartfiles -g -Wall -Wextra"
"Compiling uartps"
"Running Make libs in ps7_cortexa9_0/libsrc/xadcps_v2_3/src"
make -C ps7_cortexa9_0/libsrc/xadcps_v2_3/src -s libs  "SHELL=CMD" "COMPILER=arm-none-eabi-gcc" "ARCHIVER=arm-none-eabi-ar" "COMPILER_FLAGS=  -O2 -c" "EXTRA_COMPILER_FLAGS=-mcpu=cortex-a9 -mfpu=vfpv3 -mfloat-abi=hard -nostartfiles -g -Wall -Wextra"
"Compiling xadcps"
'Finished building libraries'
12:07:26 **** Auto Build of configuration Debug for project ebaz ****
make pre-build main-build 
a9-linaro-pre-build-step
' '
'Building file: ../src/dht11.c'
'Invoking: ARM v7 gcc compiler'
arm-none-eabi-gcc -Wall -O0 -g3 -c -fmessage-length=0 -MT"src/dht11.o" -mcpu=cortex-a9 -mfpu=vfpv3 -mfloat-abi=hard -I../../ebaz_bsp/ps7_cortexa9_0/include -MMD -MP -MF"src/dht11.d" -MT"src/dht11.o" -o "src/dht11.o" "../src/dht11.c"
'Finished building: ../src/dht11.c'
' '
'Building file: ../src/led.c'
'Invoking: ARM v7 gcc compiler'
arm-none-eabi-gcc -Wall -O0 -g3 -c -fmessage-length=0 -MT"src/led.o" -mcpu=cortex-a9 -mfpu=vfpv3 -mfloat-abi=hard -I../../ebaz_bsp/ps7_cortexa9_0/include -MMD -MP -MF"src/led.d" -MT"src/led.o" -o "src/led.o" "../src/led.c"
../src/led.c: In function 'Lcd_Init':
../src/led.c:111:2: warning: implicit declaration of function 'LCD_Fill' [-Wimplicit-function-declaration]
  LCD_Fill(0,0,240,240,BLACK);
  ^~~~~~~~
../src/led.c: At top level:
../src/led.c:318:6: warning: conflicting types for 'LCD_Fill'
 void LCD_Fill(u16 xsta,u16 ysta,u16 xend,u16 yend,u16 color)
      ^~~~~~~~
../src/led.c:111:2: note: previous implicit declaration of 'LCD_Fill' was here
  LCD_Fill(0,0,240,240,BLACK);
  ^~~~~~~~
'Finished building: ../src/led.c'
' '
'Building file: ../src/main.c'
'Invoking: ARM v7 gcc compiler'
arm-none-eabi-gcc -Wall -O0 -g3 -c -fmessage-length=0 -MT"src/main.o" -mcpu=cortex-a9 -mfpu=vfpv3 -mfloat-abi=hard -I../../ebaz_bsp/ps7_cortexa9_0/include -MMD -MP -MF"src/main.d" -MT"src/main.o" -o "src/main.o" "../src/main.c"
'Finished building: ../src/main.c'
' '
'Building file: ../src/max30102.c'
'Invoking: ARM v7 gcc compiler'
arm-none-eabi-gcc -Wall -O0 -g3 -c -fmessage-length=0 -MT"src/max30102.o" -mcpu=cortex-a9 -mfpu=vfpv3 -mfloat-abi=hard -I../../ebaz_bsp/ps7_cortexa9_0/include -MMD -MP -MF"src/max30102.d" -MT"src/max30102.o" -o "src/max30102.o" "../src/max30102.c"
'Finished building: ../src/max30102.c'
' '
'Building target: ebaz.elf'
'Invoking: ARM v7 gcc linker'
arm-none-eabi-gcc -mcpu=cortex-a9 -mfpu=vfpv3 -mfloat-abi=hard -Wl,-build-id=none -specs=Xilinx.spec -Wl,-T -Wl,../src/lscript.ld -L../../ebaz_bsp/ps7_cortexa9_0/lib -o "ebaz.elf"  ./src/dht11.o ./src/led.o ./src/ledfont.o ./src/main.o ./src/max30102.o   -Wl,--start-group,-lxil,-lgcc,-lc,--end-group
'Finished building target: ebaz.elf'
' '
'Invoking: ARM v7 Print Size'
arm-none-eabi-size ebaz.elf  |tee "ebaz.elf.size"
   text	   data	    bss	    dec	    hex	filename
  71080	   1192	  22760	  95032	  17338	ebaz.elf
'Finished building: ebaz.elf.size'
' '
12:07:32 **** Clean-only build of configuration Debug for project ebaz_bsp_xiicps_polled_master_example_1 ****
make clean 
rm -rf  ./src/xiicps_polled_master_example.o  ./src/xiicps_polled_master_example.d  ebaz_bsp_xiicps_polled_master_example_1.elf.size  ebaz_bsp_xiicps_polled_master_example_1.elf
' '
12:07:33 **** Auto Build of configuration Debug for project ebaz_bsp_xiicps_polled_master_example_1 ****
make pre-build main-build 
a9-linaro-pre-build-step
' '
'Building file: ../src/xiicps_polled_master_example.c'
'Invoking: ARM v7 gcc compiler'
arm-none-eabi-gcc -Wall -O0 -g3 -c -fmessage-length=0 -MT"src/xiicps_polled_master_example.o" -mcpu=cortex-a9 -mfpu=vfpv3 -mfloat-abi=hard -I../../ebaz_bsp/ps7_cortexa9_0/include -MMD -MP -MF"src/xiicps_polled_master_example.d" -MT"src/xiicps_polled_master_example.o" -o "src/xiicps_polled_master_example.o" "../src/xiicps_polled_master_example.c"
'Finished building: ../src/xiicps_polled_master_example.c'
' '
'Building target: ebaz_bsp_xiicps_polled_master_example_1.elf'
'Invoking: ARM v7 gcc linker'
arm-none-eabi-gcc -mcpu=cortex-a9 -mfpu=vfpv3 -mfloat-abi=hard -Wl,-build-id=none -specs=Xilinx.spec -Wl,-T -Wl,../src/lscript.ld -L../../ebaz_bsp/ps7_cortexa9_0/lib -o "ebaz_bsp_xiicps_polled_master_example_1.elf"  ./src/xiicps_polled_master_example.o   -Wl,--start-group,-lxil,-lgcc,-lc,--end-group
'Finished building target: ebaz_bsp_xiicps_polled_master_example_1.elf'
' '
'Invoking: ARM v7 Print Size'
arm-none-eabi-size ebaz_bsp_xiicps_polled_master_example_1.elf  |tee "ebaz_bsp_xiicps_polled_master_example_1.elf.size"
   text	   data	    bss	    dec	    hex	filename
  28348	   1160	  22904	  52412	   ccbc	ebaz_bsp_xiicps_polled_master_example_1.elf
'Finished building: ebaz_bsp_xiicps_polled_master_example_1.elf.size'
' '
12:08:23 **** Auto Build of configuration Debug for project ebaz ****
make pre-build main-build 
a9-linaro-pre-build-step
' '
'Building file: ../src/main.c'
'Invoking: ARM v7 gcc compiler'
arm-none-eabi-gcc -Wall -O0 -g3 -c -fmessage-length=0 -MT"src/main.o" -mcpu=cortex-a9 -mfpu=vfpv3 -mfloat-abi=hard -I../../ebaz_bsp/ps7_cortexa9_0/include -MMD -MP -MF"src/main.d" -MT"src/main.o" -o "src/main.o" "../src/main.c"
'Finished building: ../src/main.c'
' '
'Building target: ebaz.elf'
'Invoking: ARM v7 gcc linker'
arm-none-eabi-gcc -mcpu=cortex-a9 -mfpu=vfpv3 -mfloat-abi=hard -Wl,-build-id=none -specs=Xilinx.spec -Wl,-T -Wl,../src/lscript.ld -L../../ebaz_bsp/ps7_cortexa9_0/lib -o "ebaz.elf"  ./src/dht11.o ./src/led.o ./src/ledfont.o ./src/main.o ./src/max30102.o   -Wl,--start-group,-lxil,-lgcc,-lc,--end-group
'Finished building target: ebaz.elf'
' '
'Invoking: ARM v7 Print Size'
arm-none-eabi-size ebaz.elf  |tee "ebaz.elf.size"
   text	   data	    bss	    dec	    hex	filename
  71128	   1192	  22760	  95080	  17368	ebaz.elf
'Finished building: ebaz.elf.size'
' '
12:09:32 **** Incremental Build of configuration Debug for project ebaz ****
make pre-build main-build 
a9-linaro-pre-build-step
' '
make: Nothing to be done for 'main-build'.
12:56:04 **** Auto Build of configuration Debug for project ebaz ****
make pre-build main-build 
a9-linaro-pre-build-step
' '
'Building file: ../src/main.c'
'Invoking: ARM v7 gcc compiler'
arm-none-eabi-gcc -Wall -O0 -g3 -c -fmessage-length=0 -MT"src/main.o" -mcpu=cortex-a9 -mfpu=vfpv3 -mfloat-abi=hard -I../../ebaz_bsp/ps7_cortexa9_0/include -MMD -MP -MF"src/main.d" -MT"src/main.o" -o "src/main.o" "../src/main.c"
../src/main.c: In function 'main':
../src/main.c:108:18: warning: suggest parentheses around '+' inside '<<' [-Wparentheses]
      tem=(temi<<8+temf)/10.0;
                 ~^~~~~
../src/main.c:109:18: warning: suggest parentheses around '+' inside '<<' [-Wparentheses]
      wet=(weti<<8+wetf)/10.0;
                 ~^~~~~
'Finished building: ../src/main.c'
' '
'Building target: ebaz.elf'
'Invoking: ARM v7 gcc linker'
arm-none-eabi-gcc -mcpu=cortex-a9 -mfpu=vfpv3 -mfloat-abi=hard -Wl,-build-id=none -specs=Xilinx.spec -Wl,-T -Wl,../src/lscript.ld -L../../ebaz_bsp/ps7_cortexa9_0/lib -o "ebaz.elf"  ./src/dht11.o ./src/led.o ./src/ledfont.o ./src/main.o ./src/max30102.o   -Wl,--start-group,-lxil,-lgcc,-lc,--end-group
'Finished building target: ebaz.elf'
' '
'Invoking: ARM v7 Print Size'
arm-none-eabi-size ebaz.elf  |tee "ebaz.elf.size"
   text	   data	    bss	    dec	    hex	filename
  71104	   1192	  22760	  95056	  17350	ebaz.elf
'Finished building: ebaz.elf.size'
' '
13:05:32 **** Auto Build of configuration Debug for project ebaz ****
make pre-build main-build 
a9-linaro-pre-build-step
' '
'Building file: ../src/main.c'
'Invoking: ARM v7 gcc compiler'
arm-none-eabi-gcc -Wall -O0 -g3 -c -fmessage-length=0 -MT"src/main.o" -mcpu=cortex-a9 -mfpu=vfpv3 -mfloat-abi=hard -I../../ebaz_bsp/ps7_cortexa9_0/include -MMD -MP -MF"src/main.d" -MT"src/main.o" -o "src/main.o" "../src/main.c"
'Finished building: ../src/main.c'
' '
'Building target: ebaz.elf'
'Invoking: ARM v7 gcc linker'
arm-none-eabi-gcc -mcpu=cortex-a9 -mfpu=vfpv3 -mfloat-abi=hard -Wl,-build-id=none -specs=Xilinx.spec -Wl,-T -Wl,../src/lscript.ld -L../../ebaz_bsp/ps7_cortexa9_0/lib -o "ebaz.elf"  ./src/dht11.o ./src/led.o ./src/ledfont.o ./src/main.o ./src/max30102.o   -Wl,--start-group,-lxil,-lgcc,-lc,--end-group
'Finished building target: ebaz.elf'
' '
'Invoking: ARM v7 Print Size'
arm-none-eabi-size ebaz.elf  |tee "ebaz.elf.size"
   text	   data	    bss	    dec	    hex	filename
  71104	   1192	  22760	  95056	  17350	ebaz.elf
'Finished building: ebaz.elf.size'
' '
